Archive member included to satisfy reference by file (symbol)

NuttX/nuttx/arch/arm/src/libarch.a(stm32_start.o)
                              (__start)
NuttX/nuttx/arch/arm/src/libarch.a(stm32_rcc.o)
                              NuttX/nuttx/arch/arm/src/libarch.a(stm32_start.o) (stm32_clockconfig)
NuttX/nuttx/arch/arm/src/libarch.a(stm32_gpio.o)
                              NuttX/nuttx/arch/arm/src/libarch.a(stm32_start.o) (stm32_gpioinit)
NuttX/nuttx/arch/arm/src/libarch.a(stm32_lowputc.o)
                              NuttX/nuttx/arch/arm/src/libarch.a(stm32_start.o) (stm32_lowsetup)
NuttX/nuttx/arch/arm/src/libarch.a(stm32_serial.o)
                              NuttX/nuttx/arch/arm/src/libarch.a(stm32_start.o) (up_earlyserialinit)
NuttX/nuttx/arch/arm/src/libarch.a(up_modifyreg32.o)
                              NuttX/nuttx/arch/arm/src/libarch.a(stm32_serial.o) (modifyreg32)
NuttX/nuttx/arch/arm/src/libarch.a(up_vectors.o)
                              (_vectors)
NuttX/nuttx/arch/arm/src/libarch.a(up_exception.o)
                              NuttX/nuttx/arch/arm/src/libarch.a(up_vectors.o) (exception_common)
NuttX/nuttx/arch/arm/src/libarch.a(stm32_irq.o)
                              NuttX/nuttx/arch/arm/src/libarch.a(stm32_serial.o) (up_disable_irq)
NuttX/nuttx/arch/arm/src/libarch.a(stm32_dma.o)
                              NuttX/nuttx/arch/arm/src/libarch.a(stm32_serial.o) (stm32_dmachannel)
NuttX/nuttx/arch/arm/src/libarch.a(up_hardfault.o)
                              NuttX/nuttx/arch/arm/src/libarch.a(stm32_irq.o) (up_hardfault)
NuttX/nuttx/arch/arm/src/libarch.a(up_svcall.o)
                              NuttX/nuttx/arch/arm/src/libarch.a(stm32_irq.o) (up_svcall)
NuttX/nuttx/arch/arm/src/libarch.a(up_doirq.o)
                              NuttX/nuttx/arch/arm/src/libarch.a(up_exception.o) (up_doirq)
NuttX/nuttx/arch/arm/src/libarch.a(up_assert.o)
                              NuttX/nuttx/arch/arm/src/libarch.a(up_hardfault.o) (up_assert)
NuttX/nuttx/arch/arm/src/libarch.a(up_interruptcontext.o)
                              NuttX/nuttx/arch/arm/src/libarch.a(up_assert.o) (up_interrupt_context)
NuttX/nuttx/libs/libc/libc.a(sem_init.o)
                              NuttX/nuttx/arch/arm/src/libarch.a(stm32_dma.o) (nxsem_init)
NuttX/nuttx/libs/libc/libc.a(lib_abort.o)
                              (abort)
NuttX/nuttx/libs/libc/libc.a(lib_strcpy.o)
                              NuttX/nuttx/arch/arm/src/libarch.a(stm32_serial.o) (strcpy)
NuttX/nuttx/libs/libc/libc.a(lib_memcpy.o)
                              NuttX/nuttx/arch/arm/src/libarch.a(up_svcall.o) (memcpy)
NuttX/nuttx/libs/libc/libc.a(lib_cfgetspeed.o)
                              NuttX/nuttx/arch/arm/src/libarch.a(stm32_serial.o) (cfgetspeed)
NuttX/nuttx/libs/libc/libc.a(lib_cfsetspeed.o)
                              NuttX/nuttx/arch/arm/src/libarch.a(stm32_serial.o) (cfsetspeed)
NuttX/nuttx/drivers/libdrivers.a(serial.o)
                              NuttX/nuttx/arch/arm/src/libarch.a(stm32_serial.o) (uart_register)
NuttX/nuttx/drivers/libdrivers.a(serial_io.o)
                              NuttX/nuttx/arch/arm/src/libarch.a(stm32_serial.o) (uart_xmitchars)
NuttX/nuttx/drivers/libdrivers.a(syslog_flush.o)
                              NuttX/nuttx/arch/arm/src/libarch.a(up_assert.o) (syslog_flush)
NuttX/nuttx/drivers/libdrivers.a(syslog_channel.o)
                              NuttX/nuttx/drivers/libdrivers.a(syslog_flush.o) (g_syslog_channel)
NuttX/nuttx/fs/libfs.a(fs_registerdriver.o)
                              NuttX/nuttx/drivers/libdrivers.a(serial.o) (register_driver)
NuttX/nuttx/fs/libfs.a(fs_inode.o)
                              NuttX/nuttx/fs/libfs.a(fs_registerdriver.o) (inode_semtake)
NuttX/nuttx/fs/libfs.a(fs_inodereserve.o)
                              NuttX/nuttx/fs/libfs.a(fs_registerdriver.o) (inode_reserve)
NuttX/nuttx/fs/libfs.a(fs_inodesearch.o)
                              NuttX/nuttx/fs/libfs.a(fs_inodereserve.o) (inode_nextname)
NuttX/nuttx/mm/libmm.a(umm_zalloc.o)
                              NuttX/nuttx/fs/libfs.a(fs_inodereserve.o) (zalloc)
NuttX/nuttx/mm/libmm.a(umm_globals.o)
                              NuttX/nuttx/mm/libmm.a(umm_zalloc.o) (g_mmheap)
NuttX/nuttx/mm/libmm.a(mm_zalloc.o)
                              NuttX/nuttx/mm/libmm.a(umm_zalloc.o) (mm_zalloc)
NuttX/nuttx/mm/libmm.a(mm_malloc.o)
                              NuttX/nuttx/mm/libmm.a(mm_zalloc.o) (mm_malloc)
NuttX/nuttx/mm/libmm.a(mm_sem.o)
                              NuttX/nuttx/mm/libmm.a(mm_malloc.o) (mm_takesemaphore)
NuttX/nuttx/mm/libmm.a(mm_addfreechunk.o)
                              NuttX/nuttx/mm/libmm.a(mm_malloc.o) (mm_addfreechunk)
NuttX/nuttx/mm/libmm.a(mm_size2ndx.o)
                              NuttX/nuttx/mm/libmm.a(mm_malloc.o) (mm_size2ndx)
NuttX/nuttx/sched/libsched.a(clock_initialize.o)
                              NuttX/nuttx/drivers/libdrivers.a(serial.o) (g_system_timer)
[...]
Memory Configuration

Name             Origin             Length             Attributes
flash            0x0000000008001000 0x000000000000f000 xr
sram             0x0000000020000000 0x0000000000002000 xrw
*default*        0x0000000000000000 0xffffffffffffffff

Linker script and memory map

LOAD platforms/nuttx/CMakeFiles/px4.dir/__/common/empty.c.obj

.text           0x0000000008001000     0xe404
                0x0000000008001000                _stext = ABSOLUTE (.)
 *(.vectors)
 .vectors       0x0000000008001000      0x134 NuttX/nuttx/arch/arm/src/libarch.a(up_vectors.o)
                0x0000000008001000                _vectors
 *(.text .text.*)
 .text.go_nx_start
                0x0000000008001134       0x26 NuttX/nuttx/arch/arm/src/libarch.a(stm32_start.o)
 *fill*         0x000000000800115a        0x2 
 .text.__start  0x000000000800115c       0x58 NuttX/nuttx/arch/arm/src/libarch.a(stm32_start.o)
                0x000000000800115c                __start
 .text.stm32_clockconfig
                0x00000000080011b4       0xe4 NuttX/nuttx/arch/arm/src/libarch.a(stm32_rcc.o)
                0x00000000080011b4                stm32_clockconfig
 .text.stm32_gpioinit
                0x0000000008001298       0x10 NuttX/nuttx/arch/arm/src/libarch.a(stm32_gpio.o)
                0x0000000008001298                stm32_gpioinit
 .text.stm32_configgpio
                0x00000000080012a8       0xcc NuttX/nuttx/arch/arm/src/libarch.a(stm32_gpio.o)
                0x00000000080012a8                stm32_configgpio
 .text.stm32_unconfiggpio
                0x0000000008001374        0xc NuttX/nuttx/arch/arm/src/libarch.a(stm32_gpio.o)
                0x0000000008001374                stm32_unconfiggpio
 .text.stm32_gpiowrite
                0x0000000008001380       0x2c NuttX/nuttx/arch/arm/src/libarch.a(stm32_gpio.o)
                0x0000000008001380                stm32_gpiowrite
 .text.stm32_gpioread
                0x00000000080013ac       0x2c NuttX/nuttx/arch/arm/src/libarch.a(stm32_gpio.o)
                0x00000000080013ac                stm32_gpioread
 .text.up_lowputc
                0x00000000080013d8       0x18 NuttX/nuttx/arch/arm/src/libarch.a(stm32_lowputc.o)
                0x00000000080013d8                up_lowputc
 .text.stm32_lowsetup
                0x00000000080013f0       0x6c NuttX/nuttx/arch/arm/src/libarch.a(stm32_lowputc.o)
                0x00000000080013f0                stm32_lowsetup
 .text.up_setusartint
                0x000000000800145c       0x28 NuttX/nuttx/arch/arm/src/libarch.a(stm32_serial.o)
 .text.up_restoreusartint
                0x0000000008001484       0x18 NuttX/nuttx/arch/arm/src/libarch.a(stm32_serial.o)
 .text.up_disableusartint
                0x000000000800149c       0x2e NuttX/nuttx/arch/arm/src/libarch.a(stm32_serial.o)
 .text.up_set_format
                0x00000000080014ca       0x76 NuttX/nuttx/arch/arm/src/libarch.a(stm32_serial.o)
 .text.up_receive
                0x0000000008001540       0x1a NuttX/nuttx/arch/arm/src/libarch.a(stm32_serial.o)
 .text.up_rxint
                0x000000000800155a       0x2e NuttX/nuttx/arch/arm/src/libarch.a(stm32_serial.o)
 .text.up_rxavailable
                0x0000000008001588        0xc NuttX/nuttx/arch/arm/src/libarch.a(stm32_serial.o)
 .text.up_dma_rxint
                0x0000000008001594        0x8 NuttX/nuttx/arch/arm/src/libarch.a(stm32_serial.o)
 .text.up_send  0x000000000800159c        0x8 NuttX/nuttx/arch/arm/src/libarch.a(stm32_serial.o)
 .text.up_txready
                0x00000000080015a4        0xc NuttX/nuttx/arch/arm/src/libarch.a(stm32_serial.o)
 .text.up_txint
                0x00000000080015b0       0x36 NuttX/nuttx/arch/arm/src/libarch.a(stm32_serial.o)
 .text.up_dma_receive
                0x00000000080015e6       0x2a NuttX/nuttx/arch/arm/src/libarch.a(stm32_serial.o)
 .text.up_ioctl
                0x0000000008001610       0xd4 NuttX/nuttx/arch/arm/src/libarch.a(stm32_serial.o)
 .text.up_detach
                0x00000000080016e4       0x1c NuttX/nuttx/arch/arm/src/libarch.a(stm32_serial.o)
 .text.up_attach
                0x0000000008001700       0x24 NuttX/nuttx/arch/arm/src/libarch.a(stm32_serial.o)
 .text.up_interrupt
                0x0000000008001724       0x56 NuttX/nuttx/arch/arm/src/libarch.a(stm32_serial.o)
 .text.up_dma_rxavailable
                0x000000000800177a       0x18 NuttX/nuttx/arch/arm/src/libarch.a(stm32_serial.o)
 .text.up_dma_rxcallback
                0x0000000008001792       0x1e NuttX/nuttx/arch/arm/src/libarch.a(stm32_serial.o)
 .text.up_shutdown
                0x00000000080017b0       0x74 NuttX/nuttx/arch/arm/src/libarch.a(stm32_serial.o)
 .text.up_dma_shutdown
                0x0000000008001824       0x1a NuttX/nuttx/arch/arm/src/libarch.a(stm32_serial.o)
 *fill*         0x000000000800183e        0x2 
 .text.up_setup
                0x0000000008001840       0xa0 NuttX/nuttx/arch/arm/src/libarch.a(stm32_serial.o)
 .text.up_dma_setup
                0x00000000080018e0       0x54 NuttX/nuttx/arch/arm/src/libarch.a(stm32_serial.o)
 .text.up_earlyserialinit
                0x0000000008001934       0x34 NuttX/nuttx/arch/arm/src/libarch.a(stm32_serial.o)
                0x0000000008001934                up_earlyserialinit
 .text.up_serialinit
                0x0000000008001968       0x60 NuttX/nuttx/arch/arm/src/libarch.a(stm32_serial.o)
                0x0000000008001968                up_serialinit
 .text.stm32_serial_dma_poll
                0x00000000080019c8       0x34 NuttX/nuttx/arch/arm/src/libarch.a(stm32_serial.o)
                0x00000000080019c8                stm32_serial_dma_poll
 .text.up_putc  0x00000000080019fc       0x34 NuttX/nuttx/arch/arm/src/libarch.a(stm32_serial.o)
                0x00000000080019fc                up_putc
 .text.modifyreg32
                0x0000000008001a30       0x1e NuttX/nuttx/arch/arm/src/libarch.a(up_modifyreg32.o)
                0x0000000008001a30                modifyreg32
 .text          0x0000000008001a4e       0x5e NuttX/nuttx/arch/arm/src/libarch.a(up_exception.o)
                0x0000000008001a4e                exception_common
 .text.stm32_irqinfo
                0x0000000008001aac       0x68 NuttX/nuttx/arch/arm/src/libarch.a(stm32_irq.o)
 .text.up_irqinitialize
                0x0000000008001b14       0x94 NuttX/nuttx/arch/arm/src/libarch.a(stm32_irq.o)
                0x0000000008001b14                up_irqinitialize
 .text.up_disable_irq
                0x0000000008001ba8       0x24 NuttX/nuttx/arch/arm/src/libarch.a(stm32_irq.o)
                0x0000000008001ba8                up_disable_irq
 .text.up_enable_irq
                0x0000000008001bcc       0x24 NuttX/nuttx/arch/arm/src/libarch.a(stm32_irq.o)
                0x0000000008001bcc                up_enable_irq
 .text.up_ack_irq
                0x0000000008001bf0        0x2 NuttX/nuttx/arch/arm/src/libarch.a(stm32_irq.o)
                0x0000000008001bf0                up_ack_irq
 .text.stm32_dmachandisable
                0x0000000008001bf2       0x20 NuttX/nuttx/arch/arm/src/libarch.a(stm32_dma.o)
 *fill*         0x0000000008001c12        0x2 
 .text.stm32_dmainterrupt
                0x0000000008001c14       0x40 NuttX/nuttx/arch/arm/src/libarch.a(stm32_dma.o)
 .text.up_dma_initialize
                0x0000000008001c54       0x40 NuttX/nuttx/arch/arm/src/libarch.a(stm32_dma.o)
                0x0000000008001c54                up_dma_initialize
 .text.stm32_dmachannel
                0x0000000008001c94       0x20 NuttX/nuttx/arch/arm/src/libarch.a(stm32_dma.o)
                0x0000000008001c94                stm32_dmachannel
 .text.stm32_dmafree
                0x0000000008001cb4        0x6 NuttX/nuttx/arch/arm/src/libarch.a(stm32_dma.o)
                0x0000000008001cb4                stm32_dmafree
 .text.stm32_dmasetup
                0x0000000008001cba       0x34 NuttX/nuttx/arch/arm/src/libarch.a(stm32_dma.o)
                0x0000000008001cba                stm32_dmasetup
 .text.stm32_dmastart
                0x0000000008001cee       0x28 NuttX/nuttx/arch/arm/src/libarch.a(stm32_dma.o)
                0x0000000008001cee                stm32_dmastart
 .text.stm32_dmastop
                0x0000000008001d16        0x4 NuttX/nuttx/arch/arm/src/libarch.a(stm32_dma.o)
                0x0000000008001d16                stm32_dmastop
 .text.stm32_dmaresidual
                0x0000000008001d1a        0x6 NuttX/nuttx/arch/arm/src/libarch.a(stm32_dma.o)
                0x0000000008001d1a                stm32_dmaresidual
 .text.up_hardfault
                0x0000000008001d20       0x18 NuttX/nuttx/arch/arm/src/libarch.a(up_hardfault.o)
                0x0000000008001d20                up_hardfault
 .text.up_svcall
                0x0000000008001d38       0x38 NuttX/nuttx/arch/arm/src/libarch.a(up_svcall.o)
                0x0000000008001d38                up_svcall
 .text.up_doirq
                0x0000000008001d70       0x24 NuttX/nuttx/arch/arm/src/libarch.a(up_doirq.o)
                0x0000000008001d70                up_doirq
 .text.up_assert
                0x0000000008001d94       0x48 NuttX/nuttx/arch/arm/src/libarch.a(up_assert.o)
                0x0000000008001d94                up_assert
 .text.up_interrupt_context
                0x0000000008001ddc       0x10 NuttX/nuttx/arch/arm/src/libarch.a(up_interruptcontext.o)
                0x0000000008001ddc                up_interrupt_context
 .text.nxsem_init
                0x0000000008001dec       0x16 NuttX/nuttx/libs/libc/libc.a(sem_init.o)
                0x0000000008001dec                nxsem_init
 .text.abort    0x0000000008001e02        0x8 NuttX/nuttx/libs/libc/libc.a(lib_abort.o)
                0x0000000008001e02                abort
 .text.strcpy   0x0000000008001e0a       0x10 NuttX/nuttx/libs/libc/libc.a(lib_strcpy.o)
                0x0000000008001e0a                strcpy
 .text.memcpy   0x0000000008001e1a       0x16 NuttX/nuttx/libs/libc/libc.a(lib_memcpy.o)
                0x0000000008001e1a                memcpy
 .text.cfgetspeed
                0x0000000008001e30        0x4 NuttX/nuttx/libs/libc/libc.a(lib_cfgetspeed.o)
                0x0000000008001e30                cfgetspeed
 .text.cfsetspeed
                0x0000000008001e34        0x6 NuttX/nuttx/libs/libc/libc.a(lib_cfsetspeed.o)
                0x0000000008001e34                cfsetspeed
 .text.uart_putc
                0x0000000008001e3a       0x20 NuttX/nuttx/drivers/libdrivers.a(serial.o)
 .text.uart_takesem
                0x0000000008001e5a       0x14 NuttX/nuttx/drivers/libdrivers.a(serial.o)
 .text.uart_putxmitchar
                0x0000000008001e6e       0x94 NuttX/nuttx/drivers/libdrivers.a(serial.o)
 .text.uart_read
                0x0000000008001f02      0x110 NuttX/nuttx/drivers/libdrivers.a(serial.o)
 .text.uart_open
                0x0000000008002012       0x88 NuttX/nuttx/drivers/libdrivers.a(serial.o)
 .text.uart_pollnotify
                0x000000000800209a       0x52 NuttX/nuttx/drivers/libdrivers.a(serial.o)
 .text.uart_poll
                0x00000000080020ec       0xce NuttX/nuttx/drivers/libdrivers.a(serial.o)
 *fill*         0x00000000080021ba        0x2 
 .text.uart_tcdrain
                0x00000000080021bc       0xa4 NuttX/nuttx/drivers/libdrivers.a(serial.o)
 .text.uart_write
                0x0000000008002260      0x104 NuttX/nuttx/drivers/libdrivers.a(serial.o)
 .text.uart_register
                0x0000000008002364       0x8c NuttX/nuttx/drivers/libdrivers.a(serial.o)
                0x0000000008002364                uart_register
 .text.uart_datareceived
                0x00000000080023f0       0x20 NuttX/nuttx/drivers/libdrivers.a(serial.o)
                0x00000000080023f0                uart_datareceived
 .text.uart_datasent
                0x0000000008002410       0x20 NuttX/nuttx/drivers/libdrivers.a(serial.o)
                0x0000000008002410                uart_datasent
 .text.uart_ioctl
                0x0000000008002430      0x14e NuttX/nuttx/drivers/libdrivers.a(serial.o)
 .text.uart_reset_sem
                0x000000000800257e       0x38 NuttX/nuttx/drivers/libdrivers.a(serial.o)
                0x000000000800257e                uart_reset_sem
 .text.uart_close
                0x00000000080025b6       0x70 NuttX/nuttx/drivers/libdrivers.a(serial.o)
 .text.uart_xmitchars
                0x0000000008002626       0x70 NuttX/nuttx/drivers/libdrivers.a(serial_io.o)
                0x0000000008002626                uart_xmitchars
 .text.uart_recvchars
                0x0000000008002696       0x66 NuttX/nuttx/drivers/libdrivers.a(serial_io.o)
                0x0000000008002696                uart_recvchars
 .text.syslog_flush
                0x00000000080026fc        0xc NuttX/nuttx/drivers/libdrivers.a(syslog_flush.o)
                0x00000000080026fc                syslog_flush
 .text.syslog_default_flush
                0x0000000008002708        0x4 NuttX/nuttx/drivers/libdrivers.a(syslog_channel.o)
 .text.syslog_channel
                0x000000000800270c       0x14 NuttX/nuttx/drivers/libdrivers.a(syslog_channel.o)
                0x000000000800270c                syslog_channel
 .text.register_driver
                0x0000000008002720       0x32 NuttX/nuttx/fs/libfs.a(fs_registerdriver.o)
                0x0000000008002720                register_driver
 *fill*         0x0000000008002752        0x2 
 .text.inode_initialize
                0x0000000008002754       0x2c NuttX/nuttx/fs/libfs.a(fs_inode.o)
                0x0000000008002754                inode_initialize
 .text.inode_semtake
                0x0000000008002780       0x34 NuttX/nuttx/fs/libfs.a(fs_inode.o)
                0x0000000008002780                inode_semtake
 .text.inode_semgive
                0x00000000080027b4       0x24 NuttX/nuttx/fs/libfs.a(fs_inode.o)
                0x00000000080027b4                inode_semgive
 .text.inode_alloc
                0x00000000080027d8       0x3c NuttX/nuttx/fs/libfs.a(fs_inodereserve.o)
 .text.inode_reserve
                0x0000000008002814       0xb0 NuttX/nuttx/fs/libfs.a(fs_inodereserve.o)
                0x0000000008002814                inode_reserve
 .text.inode_nextname
                0x00000000080028c4       0x20 NuttX/nuttx/fs/libfs.a(fs_inodesearch.o)
                0x00000000080028c4                inode_nextname
 .text.inode_search
                0x00000000080028e4       0xa4 NuttX/nuttx/fs/libfs.a(fs_inodesearch.o)
                0x00000000080028e4                inode_search
 .text.zalloc   0x0000000008002988        0xc NuttX/nuttx/mm/libmm.a(umm_zalloc.o)
                0x0000000008002988                zalloc
 .text.mm_zalloc
                0x0000000008002994       0x18 NuttX/nuttx/mm/libmm.a(mm_zalloc.o)
                0x0000000008002994                mm_zalloc
 .text.mm_malloc
                0x00000000080029ac       0x96 NuttX/nuttx/mm/libmm.a(mm_malloc.o)
                0x00000000080029ac                mm_malloc
 .text.mm_seminitialize
                0x0000000008002a42       0x18 NuttX/nuttx/mm/libmm.a(mm_sem.o)
                0x0000000008002a42                mm_seminitialize
 .text.mm_trysemaphore
                0x0000000008002a5a       0x2c NuttX/nuttx/mm/libmm.a(mm_sem.o)
                0x0000000008002a5a                mm_trysemaphore
 .text.mm_takesemaphore
                0x0000000008002a86       0x2a NuttX/nuttx/mm/libmm.a(mm_sem.o)
                0x0000000008002a86                mm_takesemaphore
 .text.mm_givesemaphore
                0x0000000008002ab0       0x1a NuttX/nuttx/mm/libmm.a(mm_sem.o)
                0x0000000008002ab0                mm_givesemaphore
 .text.mm_addfreechunk
                0x0000000008002aca       0x38 NuttX/nuttx/mm/libmm.a(mm_addfreechunk.o)
                0x0000000008002aca                mm_addfreechunk
 .text.mm_size2ndx
                0x0000000008002b02       0x1a NuttX/nuttx/mm/libmm.a(mm_size2ndx.o)
                0x0000000008002b02                mm_size2ndx
 .text.clock_basetime
                0x0000000008002b1c       0x20 NuttX/nuttx/sched/libsched.a(clock_initialize.o)
                0x0000000008002b1c                clock_basetime
 .text.clock_initialize
                0x0000000008002b3c       0x54 NuttX/nuttx/sched/libsched.a(clock_initialize.o)
                0x0000000008002b3c                clock_initialize
 .text.clock_timer
                0x0000000008002b90       0x10 NuttX/nuttx/sched/libsched.a(clock_initialize.o)
                0x0000000008002b90                clock_timer
 .text.clock_ticks2time
                0x0000000008002ba0       0x1c NuttX/nuttx/sched/libsched.a(clock_ticks2time.o)
                0x0000000008002ba0                clock_ticks2time
 .text.get_errno_ptr
                0x0000000008002bbc       0x24 NuttX/nuttx/sched/libsched.a(errno_getptr.o)
                0x0000000008002bbc                get_errno_ptr
 .text.nx_start
                0x0000000008002be0      0x160 NuttX/nuttx/sched/libsched.a(nx_start.o)
                0x0000000008002be0                nx_start
 .text.nx_bringup
                0x0000000008002d40       0x24 NuttX/nuttx/sched/libsched.a(nx_bringup.o)
                0x0000000008002d40                nx_bringup
 .text.irq_attach
                0x0000000008002d64       0x44 NuttX/nuttx/sched/libsched.a(irq_attach.o)
                0x0000000008002d64                irq_attach
 .text.irq_dispatch
                0x0000000008002da8       0x3c NuttX/nuttx/sched/libsched.a(irq_dispatch.o)
                0x0000000008002da8                irq_dispatch
 .text.irq_unexpected_isr
                0x0000000008002de4       0x18 NuttX/nuttx/sched/libsched.a(irq_unexpectedisr.o)
                0x0000000008002de4                irq_unexpected_isr
 .text.sched_garbage_collection
                0x0000000008002dfc       0x30 NuttX/nuttx/sched/libsched.a(sched_garbage.o)
                0x0000000008002dfc                sched_garbage_collection
 .text.sched_have_garbage
                0x0000000008002e2c       0x10 NuttX/nuttx/sched/libsched.a(sched_garbage.o)
                0x0000000008002e2c                sched_have_garbage
 .text.sched_idletask
                0x0000000008002e3c       0x18 NuttX/nuttx/sched/libsched.a(sched_idletask.o)
                0x0000000008002e3c                sched_idletask
 .text.nxsem_wait
                0x0000000008002e54       0x54 NuttX/nuttx/sched/libsched.a(sem_wait.o)
                0x0000000008002e54                nxsem_wait
 .text.sem_wait
                0x0000000008002ea8       0x1c NuttX/nuttx/sched/libsched.a(sem_wait.o)
                0x0000000008002ea8                sem_wait
 .text.nxsem_trywait
                0x0000000008002ec4       0x40 NuttX/nuttx/sched/libsched.a(sem_trywait.o)
                0x0000000008002ec4                nxsem_trywait
 .text.sem_trywait
                0x0000000008002f04       0x1a NuttX/nuttx/sched/libsched.a(sem_trywait.o)
                0x0000000008002f04                sem_trywait
 *fill*         0x0000000008002f1e        0x2 
 .text.nxsem_post
                0x0000000008002f20       0x48 NuttX/nuttx/sched/libsched.a(sem_post.o)
                0x0000000008002f20                nxsem_post
 .text.sem_post
                0x0000000008002f68       0x1a NuttX/nuttx/sched/libsched.a(sem_post.o)
                0x0000000008002f68                sem_post
 .text.nxsem_reset
                0x0000000008002f82       0x42 NuttX/nuttx/sched/libsched.a(sem_reset.o)
                0x0000000008002f82                nxsem_reset
 .text.nxsig_usleep
                0x0000000008002fc4       0x2c NuttX/nuttx/sched/libsched.a(sig_usleep.o)
                0x0000000008002fc4                nxsig_usleep
 .text.nxthread_create
                0x0000000008002ff0       0x9c NuttX/nuttx/sched/libsched.a(task_create.o)
 .text.nxtask_create
                0x000000000800308c       0x16 NuttX/nuttx/sched/libsched.a(task_create.o)
                0x000000000800308c                nxtask_create
 *fill*         0x00000000080030a2        0x2 
 .text.nxtask_schedsetup
                0x00000000080030a4       0xc0 NuttX/nuttx/sched/libsched.a(task_setup.o)
                0x00000000080030a4                nxtask_schedsetup
 .text.nxtask_argsetup
                0x0000000008003164       0xac NuttX/nuttx/sched/libsched.a(task_setup.o)
                0x0000000008003164                nxtask_argsetup
 .text.task_activate
                0x0000000008003210       0x1a NuttX/nuttx/sched/libsched.a(task_activate.o)
                0x0000000008003210                task_activate
 *fill*         0x000000000800322a        0x2 
 .text.nxtask_start
                0x000000000800322c       0x2c NuttX/nuttx/sched/libsched.a(task_start.o)
                0x000000000800322c                nxtask_start
 .text.getpid   0x0000000008003258       0x1c NuttX/nuttx/sched/libsched.a(task_getpid.o)
                0x0000000008003258                getpid
 .text.exit     0x0000000008003274       0x1c NuttX/nuttx/sched/libsched.a(exit.o)
                0x0000000008003274                exit
 .text.group_allocate
                0x0000000008003290       0x18 NuttX/nuttx/sched/libsched.a(group_create.o)
                0x0000000008003290                group_allocate
 .text.group_initialize
                0x00000000080032a8        0xa NuttX/nuttx/sched/libsched.a(group_create.o)
                0x00000000080032a8                group_initialize
 *fill*         0x00000000080032b2        0x2 
 .text.group_setupidlefiles
                0x00000000080032b4       0x38 NuttX/nuttx/sched/libsched.a(group_setupidlefiles.o)
                0x00000000080032b4                group_setupidlefiles
 .text.group_setuptaskfiles
                0x00000000080032ec        0xe NuttX/nuttx/sched/libsched.a(group_setuptaskfiles.o)
                0x00000000080032ec                group_setuptaskfiles
 *fill*         0x00000000080032fa        0x2 
 .text.irq_initialize
                0x00000000080032fc       0x24 NuttX/nuttx/sched/libsched.a(irq_initialize.o)
                0x00000000080032fc                irq_initialize
 .text.sched_releasetcb
                0x0000000008003320       0x40 NuttX/nuttx/sched/libsched.a(sched_releasetcb.o)
                0x0000000008003320                sched_releasetcb
 .text.sched_lock
                0x0000000008003360       0x1c NuttX/nuttx/sched/libsched.a(sched_lock.o)
                0x0000000008003360                sched_lock
 .text.sched_unlock
                0x000000000800337c       0x50 NuttX/nuttx/sched/libsched.a(sched_unlock.o)
                0x000000000800337c                sched_unlock
 .text.nxsig_procmask
                0x00000000080033cc       0x64 NuttX/nuttx/sched/libsched.a(sig_procmask.o)
                0x00000000080033cc                nxsig_procmask
 .text.nxsig_unmask_pendingsignal
                0x0000000008003430       0x64 NuttX/nuttx/sched/libsched.a(sig_unmaskpendingsignal.o)
                0x0000000008003430                nxsig_unmask_pendingsignal
 .text.nxsig_remove_pendingsignal
                0x0000000008003494       0x3c NuttX/nuttx/sched/libsched.a(sig_removependingsignal.o)
                0x0000000008003494                nxsig_remove_pendingsignal
 .text.nxsig_release_pendingsignal
                0x00000000080034d0       0x44 NuttX/nuttx/sched/libsched.a(sig_releasependingsignal.o)
                0x00000000080034d0                nxsig_release_pendingsignal
 .text.nxsig_lowest
                0x0000000008003514       0x1e NuttX/nuttx/sched/libsched.a(sig_lowest.o)
                0x0000000008003514                nxsig_lowest
 *fill*         0x0000000008003532        0x2 
 .text.nxsig_tcbdispatch
                0x0000000008003534      0x180 NuttX/nuttx/sched/libsched.a(sig_dispatch.o)
                0x0000000008003534                nxsig_tcbdispatch
 .text.nxsig_deliver
                0x00000000080036b4       0xb2 NuttX/nuttx/sched/libsched.a(sig_deliver.o)
                0x00000000080036b4                nxsig_deliver
 *fill*         0x0000000008003766        0x2 
 .text.nxsig_nanosleep
                0x0000000008003768       0x84 NuttX/nuttx/sched/libsched.a(sig_nanosleep.o)
                0x0000000008003768                nxsig_nanosleep
 .text.nxtask_exithook
                0x00000000080037ec       0x24 NuttX/nuttx/sched/libsched.a(task_exithook.o)
                0x00000000080037ec                nxtask_exithook
 .text.nxtask_recover
                0x0000000008003810       0x12 NuttX/nuttx/sched/libsched.a(task_recover.o)
                0x0000000008003810                nxtask_recover
 .text.wd_recover
                0x0000000008003822       0x28 NuttX/nuttx/sched/libsched.a(wd_recover.o)
                0x0000000008003822                wd_recover
 *fill*         0x000000000800384a        0x2 
 .text.clock_time2ticks
                0x000000000800384c       0x40 NuttX/nuttx/sched/libsched.a(clock_time2ticks.o)
                0x000000000800384c                clock_time2ticks
 .text.group_leave
                0x000000000800388c       0x2e NuttX/nuttx/sched/libsched.a(group_leave.o)
                0x000000000800388c                group_leave
 *fill*         0x00000000080038ba        0x2 
 .text.sched_ufree
                0x00000000080038bc       0x40 NuttX/nuttx/sched/libsched.a(sched_free.o)
                0x00000000080038bc                sched_ufree
 .text.sched_gettcb
                0x00000000080038fc       0x38 NuttX/nuttx/sched/libsched.a(sched_gettcb.o)
                0x00000000080038fc                sched_gettcb
 .text.nxsem_recover
                0x0000000008003934       0x26 NuttX/nuttx/sched/libsched.a(sem_recover.o)
                0x0000000008003934                nxsem_recover
 .text.nxsem_wait_irq
                0x000000000800395a       0x2e NuttX/nuttx/sched/libsched.a(sem_waitirq.o)
                0x000000000800395a                nxsem_wait_irq
 .text.nxsig_alloc_actionblock
                0x0000000008003988       0x28 NuttX/nuttx/sched/libsched.a(sig_initialize.o)
                0x0000000008003988                nxsig_alloc_actionblock
 .text.nxsig_initialize
                0x00000000080039b0       0xc4 NuttX/nuttx/sched/libsched.a(sig_initialize.o)
                0x00000000080039b0                nxsig_initialize
 .text.nxsig_pendingset
                0x0000000008003a74       0x32 NuttX/nuttx/sched/libsched.a(sig_pending.o)
                0x0000000008003a74                nxsig_pendingset
 .text.nxsig_timeout
                0x0000000008003aa6       0x20 NuttX/nuttx/sched/libsched.a(sig_timedwait.o)
 *fill*         0x0000000008003ac6        0x2 
 .text.nxsig_timedwait
                0x0000000008003ac8      0x104 NuttX/nuttx/sched/libsched.a(sig_timedwait.o)
                0x0000000008003ac8                nxsig_timedwait
 .text.nxsig_find_action
                0x0000000008003bcc       0x22 NuttX/nuttx/sched/libsched.a(sig_findaction.o)
                0x0000000008003bcc                nxsig_find_action
 *fill*         0x0000000008003bee        0x2 
 .text.nxsig_alloc_pendingsigaction
                0x0000000008003bf0       0x48 NuttX/nuttx/sched/libsched.a(sig_allocpendingsigaction.o)
                0x0000000008003bf0                nxsig_alloc_pendingsigaction
 .text.nxsig_release_pendingsigaction
                0x0000000008003c38       0x44 NuttX/nuttx/sched/libsched.a(sig_releasependingsigaction.o)
                0x0000000008003c38                nxsig_release_pendingsigaction
 .text.nxsig_cleanup
                0x0000000008003c7c       0x32 NuttX/nuttx/sched/libsched.a(sig_cleanup.o)
                0x0000000008003c7c                nxsig_cleanup
 .text.nxsig_release
                0x0000000008003cae       0x26 NuttX/nuttx/sched/libsched.a(sig_cleanup.o)
                0x0000000008003cae                nxsig_release
 .text.wd_create
                0x0000000008003cd4       0x58 NuttX/nuttx/sched/libsched.a(wd_create.o)
                0x0000000008003cd4                wd_create
 .text.wd_start
                0x0000000008003d2c       0xe0 NuttX/nuttx/sched/libsched.a(wd_start.o)
                0x0000000008003d2c                wd_start
 .text.wd_timer
                0x0000000008003e0c       0x4c NuttX/nuttx/sched/libsched.a(wd_start.o)
                0x0000000008003e0c                wd_timer
 .text.wd_cancel
                0x0000000008003e58       0x68 NuttX/nuttx/sched/libsched.a(wd_cancel.o)
                0x0000000008003e58                wd_cancel
 .text.wd_delete
                0x0000000008003ec0       0x50 NuttX/nuttx/sched/libsched.a(wd_delete.o)
                0x0000000008003ec0                wd_delete
 .text.nxsig_release_action
                0x0000000008003f10        0xc NuttX/nuttx/sched/libsched.a(sig_action.o)
                0x0000000008003f10                nxsig_release_action
 .text.wd_initialize
                0x0000000008003f1c       0x30 NuttX/nuttx/sched/libsched.a(wd_initialize.o)
                0x0000000008003f1c                wd_initialize
 .text.up_allocate_heap
                0x0000000008003f4c       0x14 NuttX/nuttx/arch/arm/src/libarch.a(stm32_allocateheap.o)
                0x0000000008003f4c                up_allocate_heap
 .text.up_idle  0x0000000008003f60        0x2 NuttX/nuttx/arch/arm/src/libarch.a(stm32_idle.o)
                0x0000000008003f60                up_idle
 *fill*         0x0000000008003f62        0x2 
 .text.up_block_task
                0x0000000008003f64       0x5c NuttX/nuttx/arch/arm/src/libarch.a(up_blocktask.o)
                0x0000000008003f64                up_block_task
 .text.up_copyfullstate
                0x0000000008003fc0       0x18 NuttX/nuttx/arch/arm/src/libarch.a(up_copyfullstate.o)
                0x0000000008003fc0                up_copyfullstate
 .text.up_stack_color
                0x0000000008003fd8       0x28 NuttX/nuttx/arch/arm/src/libarch.a(up_createstack.o)
                0x0000000008003fd8                up_stack_color
 .text.up_create_stack
                0x0000000008004000       0x46 NuttX/nuttx/arch/arm/src/libarch.a(up_createstack.o)
                0x0000000008004000                up_create_stack
 *fill*         0x0000000008004046        0x2 
 .text._exit    0x0000000008004048       0x20 NuttX/nuttx/arch/arm/src/libarch.a(up_exit.o)
                0x0000000008004048                _exit
 .text.up_initialize
                0x0000000008004068       0x30 NuttX/nuttx/arch/arm/src/libarch.a(up_initialize.o)
                0x0000000008004068                up_initialize
 .text.up_initial_state
                0x0000000008004098       0x32 NuttX/nuttx/arch/arm/src/libarch.a(up_initialstate.o)
                0x0000000008004098                up_initial_state
 *fill*         0x00000000080040ca        0x2 
 .text.up_release_pending
                0x00000000080040cc       0x38 NuttX/nuttx/arch/arm/src/libarch.a(up_releasepending.o)
                0x00000000080040cc                up_release_pending
 .text.up_release_stack
                0x0000000008004104       0x1e NuttX/nuttx/arch/arm/src/libarch.a(up_releasestack.o)
                0x0000000008004104                up_release_stack
 *fill*         0x0000000008004122        0x2 
 .text.up_schedule_sigaction
                0x0000000008004124       0x80 NuttX/nuttx/arch/arm/src/libarch.a(up_schedulesigaction.o)
                0x0000000008004124                up_schedule_sigaction
 .text.up_sigdeliver
                0x00000000080041a4       0x48 NuttX/nuttx/arch/arm/src/libarch.a(up_sigdeliver.o)
                0x00000000080041a4                up_sigdeliver
 .text.up_stack_frame
                0x00000000080041ec       0x26 NuttX/nuttx/arch/arm/src/libarch.a(up_stackframe.o)
                0x00000000080041ec                up_stack_frame
 *fill*         0x0000000008004212        0x2 
 .text.up_unblock_task
                0x0000000008004214       0x40 NuttX/nuttx/arch/arm/src/libarch.a(up_unblocktask.o)
                0x0000000008004214                up_unblock_task
 .text          0x0000000008004254        0xa NuttX/nuttx/arch/arm/src/libarch.a(up_fullcontextrestore.o)
                0x0000000008004254                up_fullcontextrestore
 .text          0x000000000800425e        0xc NuttX/nuttx/arch/arm/src/libarch.a(up_switchcontext.o)
                0x000000000800425e                up_switchcontext
 .text.stm32_timerisr
                0x000000000800426a        0xa NuttX/nuttx/arch/arm/src/libarch.a(stm32_timerisr.o)
 .text.arm_timer_initialize
                0x0000000008004274       0x44 NuttX/nuttx/arch/arm/src/libarch.a(stm32_timerisr.o)
                0x0000000008004274                arm_timer_initialize
 .text.sq_addlast
                0x00000000080042b8       0x14 NuttX/nuttx/libs/libc/libc.a(sq_addlast.o)
                0x00000000080042b8                sq_addlast
 .text.sq_addfirst
                0x00000000080042cc        0xe NuttX/nuttx/libs/libc/libc.a(sq_addfirst.o)
                0x00000000080042cc                sq_addfirst
 .text.sq_addafter
                0x00000000080042da       0x1c NuttX/nuttx/libs/libc/libc.a(sq_addafter.o)
                0x00000000080042da                sq_addafter
 .text.sq_rem   0x00000000080042f6       0x2c NuttX/nuttx/libs/libc/libc.a(sq_rem.o)
                0x00000000080042f6                sq_rem
 .text.sq_remfirst
                0x0000000008004322       0x14 NuttX/nuttx/libs/libc/libc.a(sq_remfirst.o)
                0x0000000008004322                sq_remfirst
 .text.sq_remafter
                0x0000000008004336       0x20 NuttX/nuttx/libs/libc/libc.a(sq_remafter.o)
                0x0000000008004336                sq_remafter
 .text.dq_addfirst
                0x0000000008004356       0x18 NuttX/nuttx/libs/libc/libc.a(dq_addfirst.o)
                0x0000000008004356                dq_addfirst
 .text.dq_rem   0x000000000800436e       0x1c NuttX/nuttx/libs/libc/libc.a(dq_rem.o)
                0x000000000800436e                dq_rem
 .text.nxsem_getvalue
                0x000000000800438a       0x14 NuttX/nuttx/libs/libc/libc.a(sem_getvalue.o)
                0x000000000800438a                nxsem_getvalue
 .text.nxsem_setprotocol
                0x000000000800439e       0x16 NuttX/nuttx/libs/libc/libc.a(sem_setprotocol.o)
                0x000000000800439e                nxsem_setprotocol
 .text.sigaddset
                0x00000000080043b4       0x24 NuttX/nuttx/libs/libc/libc.a(sig_addset.o)
                0x00000000080043b4                sigaddset
 .text.sigdelset
                0x00000000080043d8       0x26 NuttX/nuttx/libs/libc/libc.a(sig_delset.o)
                0x00000000080043d8                sigdelset
 .text.sigemptyset
                0x00000000080043fe        0x8 NuttX/nuttx/libs/libc/libc.a(sig_emptyset.o)
                0x00000000080043fe                sigemptyset
 .text.sigismember
                0x0000000008004406       0x12 NuttX/nuttx/libs/libc/libc.a(sig_ismember.o)
                0x0000000008004406                sigismember
 .text.memset   0x0000000008004418       0x10 NuttX/nuttx/libs/libc/libc.a(lib_memset.o)
                0x0000000008004418                memset
 .text.strlen   0x0000000008004428       0x10 NuttX/nuttx/libs/libc/libc.a(lib_strlen.o)
                0x0000000008004428                strlen
 .text.clock_calendar2utc
                0x0000000008004438       0x34 NuttX/nuttx/libs/libc/libc.a(lib_calendar2utc.o)
                0x0000000008004438                clock_calendar2utc
 .text.clock_daysbeforemonth
                0x000000000800446c       0x18 NuttX/nuttx/libs/libc/libc.a(lib_daysbeforemonth.o)
                0x000000000800446c                clock_daysbeforemonth
 .text.clock_isleapyear
                0x0000000008004484       0x2c NuttX/nuttx/libs/libc/libc.a(lib_isleapyear.o)
                0x0000000008004484                clock_isleapyear
 .text.syslog_initialize
                0x00000000080044b0        0xc NuttX/nuttx/drivers/libdrivers.a(syslog_initialize.o)
                0x00000000080044b0                syslog_initialize
 .text.syslog_console_channel
                0x00000000080044bc       0x28 NuttX/nuttx/drivers/libdrivers.a(syslog_consolechannel.o)
                0x00000000080044bc                syslog_console_channel
 .text.syslog_dev_takesem
                0x00000000080044e4       0x2c NuttX/nuttx/drivers/libdrivers.a(syslog_device.o)
 .text.syslog_dev_initialize
                0x0000000008004510       0x64 NuttX/nuttx/drivers/libdrivers.a(syslog_device.o)
                0x0000000008004510                syslog_dev_initialize
 .text.syslog_dev_outputready
                0x0000000008004574       0x60 NuttX/nuttx/drivers/libdrivers.a(syslog_device.o)
 .text.syslog_dev_write
                0x00000000080045d4       0xcc NuttX/nuttx/drivers/libdrivers.a(syslog_device.o)
                0x00000000080045d4                syslog_dev_write
 .text.syslog_dev_putc
                0x00000000080046a0       0x60 NuttX/nuttx/drivers/libdrivers.a(syslog_device.o)
                0x00000000080046a0                syslog_dev_putc
 .text.syslog_dev_flush
                0x0000000008004700        0x4 NuttX/nuttx/drivers/libdrivers.a(syslog_device.o)
                0x0000000008004700                syslog_dev_flush
 .text.fs_initialize
                0x0000000008004704        0x4 NuttX/nuttx/fs/libfs.a(fs_initialize.o)
                0x0000000008004704                fs_initialize
 .text._files_close
                0x0000000008004708       0x2a NuttX/nuttx/fs/libfs.a(fs_files.o)
 .text._files_semtake
                0x0000000008004732       0x10 NuttX/nuttx/fs/libfs.a(fs_files.o)
 .text.files_initialize
                0x0000000008004742        0x2 NuttX/nuttx/fs/libfs.a(fs_files.o)
                0x0000000008004742                files_initialize
 .text.files_initlist
                0x0000000008004744        0x8 NuttX/nuttx/fs/libfs.a(fs_files.o)
                0x0000000008004744                files_initlist
 .text.files_releaselist
                0x000000000800474c       0x24 NuttX/nuttx/fs/libfs.a(fs_files.o)
                0x000000000800474c                files_releaselist
 .text.file_dup2
                0x0000000008004770       0x7e NuttX/nuttx/fs/libfs.a(fs_files.o)
                0x0000000008004770                file_dup2
 .text.files_allocate
                0x00000000080047ee       0x4e NuttX/nuttx/fs/libfs.a(fs_files.o)
                0x00000000080047ee                files_allocate
 .text.files_close
                0x000000000800483c       0x34 NuttX/nuttx/fs/libfs.a(fs_files.o)
                0x000000000800483c                files_close
 .text.files_release
                0x0000000008004870       0x2a NuttX/nuttx/fs/libfs.a(fs_files.o)
                0x0000000008004870                files_release
 .text.inode_addref
                0x000000000800489a       0x1a NuttX/nuttx/fs/libfs.a(fs_inodeaddref.o)
                0x000000000800489a                inode_addref
 .text.inode_release
                0x00000000080048b4       0x3a NuttX/nuttx/fs/libfs.a(fs_inoderelease.o)
                0x00000000080048b4                inode_release
 .text.file_open
                0x00000000080048ee       0x3a NuttX/nuttx/fs/libfs.a(fs_fileopen.o)
                0x00000000080048ee                file_open
 .text.file_detach
                0x0000000008004928       0x52 NuttX/nuttx/fs/libfs.a(fs_filedetach.o)
                0x0000000008004928                file_detach
 .text.close    0x000000000800497a       0x24 NuttX/nuttx/fs/libfs.a(fs_close.o)
                0x000000000800497a                close
 .text.dup2     0x000000000800499e       0x50 NuttX/nuttx/fs/libfs.a(fs_dupfd2.o)
                0x000000000800499e                dup2
 .text.fs_getfilep
                0x00000000080049ee       0x2c NuttX/nuttx/fs/libfs.a(fs_getfilep.o)
                0x00000000080049ee                fs_getfilep
 .text.inode_checkflags
                0x0000000008004a1a       0x28 NuttX/nuttx/fs/libfs.a(fs_open.o)
                0x0000000008004a1a                inode_checkflags
 .text.nx_vopen
                0x0000000008004a42       0x86 NuttX/nuttx/fs/libfs.a(fs_open.o)
                0x0000000008004a42                nx_vopen
 .text.nx_open  0x0000000008004ac8       0x1a NuttX/nuttx/fs/libfs.a(fs_open.o)
                0x0000000008004ac8                nx_open
 .text.open     0x0000000008004ae2       0x2c NuttX/nuttx/fs/libfs.a(fs_open.o)
                0x0000000008004ae2                open
 .text.file_write
                0x0000000008004b0e       0x20 NuttX/nuttx/fs/libfs.a(fs_write.o)
                0x0000000008004b0e                file_write
 .text.nx_write
                0x0000000008004b2e       0x30 NuttX/nuttx/fs/libfs.a(fs_write.o)
                0x0000000008004b2e                nx_write
 .text.write    0x0000000008004b5e       0x1a NuttX/nuttx/fs/libfs.a(fs_write.o)
                0x0000000008004b5e                write
 .text.inode_find
                0x0000000008004b78       0x22 NuttX/nuttx/fs/libfs.a(fs_inodefind.o)
                0x0000000008004b78                inode_find
 .text.inode_free
                0x0000000008004b9a       0x1e NuttX/nuttx/fs/libfs.a(fs_inodefree.o)
                0x0000000008004b9a                inode_free
 .text.umm_initialize
                0x0000000008004bb8       0x10 NuttX/nuttx/mm/libmm.a(umm_initialize.o)
                0x0000000008004bb8                umm_initialize
 .text.umm_trysemaphore
                0x0000000008004bc8        0xc NuttX/nuttx/mm/libmm.a(umm_sem.o)
                0x0000000008004bc8                umm_trysemaphore
 .text.umm_givesemaphore
                0x0000000008004bd4        0xc NuttX/nuttx/mm/libmm.a(umm_sem.o)
                0x0000000008004bd4                umm_givesemaphore
 .text.free     0x0000000008004be0        0xc NuttX/nuttx/mm/libmm.a(umm_free.o)
                0x0000000008004be0                free
 .text.malloc   0x0000000008004bec        0xc NuttX/nuttx/mm/libmm.a(umm_malloc.o)
                0x0000000008004bec                malloc
 .text.umm_heapmember
                0x0000000008004bf8        0xc NuttX/nuttx/mm/libmm.a(umm_heapmember.o)
                0x0000000008004bf8                umm_heapmember
 .text.mm_addregion
                0x0000000008004c04       0x4e NuttX/nuttx/mm/libmm.a(mm_initialize.o)
                0x0000000008004c04                mm_addregion
 .text.mm_initialize
                0x0000000008004c52       0x40 NuttX/nuttx/mm/libmm.a(mm_initialize.o)
                0x0000000008004c52                mm_initialize
 .text.mm_free  0x0000000008004c92       0x9c NuttX/nuttx/mm/libmm.a(mm_free.o)
                0x0000000008004c92                mm_free
 .text.mm_heapmember
                0x0000000008004d2e       0x16 NuttX/nuttx/mm/libmm.a(mm_heapmember.o)
                0x0000000008004d2e                mm_heapmember
 .text.sched_getfiles
                0x0000000008004d44       0x10 NuttX/nuttx/sched/libsched.a(sched_getfiles.o)
                0x0000000008004d44                sched_getfiles
 .text.sched_addreadytorun
                0x0000000008004d54       0x48 NuttX/nuttx/sched/libsched.a(sched_addreadytorun.o)
                0x0000000008004d54                sched_addreadytorun
 .text.sched_removereadytorun
                0x0000000008004d9c       0x28 NuttX/nuttx/sched/libsched.a(sched_removereadytorun.o)
                0x0000000008004d9c                sched_removereadytorun
 .text.sched_addprioritized
                0x0000000008004dc4       0x48 NuttX/nuttx/sched/libsched.a(sched_addprioritized.o)
                0x0000000008004dc4                sched_addprioritized
 .text.sched_mergepending
                0x0000000008004e0c       0x58 NuttX/nuttx/sched/libsched.a(sched_mergepending.o)
                0x0000000008004e0c                sched_mergepending
 .text.sched_addblocked
                0x0000000008004e64       0x28 NuttX/nuttx/sched/libsched.a(sched_addblocked.o)
                0x0000000008004e64                sched_addblocked
 .text.sched_removeblocked
                0x0000000008004e8c       0x1c NuttX/nuttx/sched/libsched.a(sched_removeblocked.o)
                0x0000000008004e8c                sched_removeblocked
 .text.nxsched_process_timer
                0x0000000008004ea8       0x18 NuttX/nuttx/sched/libsched.a(sched_processtimer.o)
                0x0000000008004ea8                nxsched_process_timer
 .text.nxsem_destroy
                0x0000000008004ec0       0x16 NuttX/nuttx/sched/libsched.a(sem_destroy.o)
                0x0000000008004ec0                nxsem_destroy
 *fill*         0x0000000008004ed6        0x2 
 .text.nxtask_exit
                0x0000000008004ed8       0x4c NuttX/nuttx/sched/libsched.a(task_exit.o)
                0x0000000008004ed8                nxtask_exit
 .text.nxtask_terminate
                0x0000000008004f24       0x54 NuttX/nuttx/sched/libsched.a(task_terminate.o)
                0x0000000008004f24                nxtask_terminate
 .text.dq_addlast
                0x0000000008004f78       0x18 NuttX/nuttx/libs/libc/libc.a(dq_addlast.o)
                0x0000000008004f78                dq_addlast
 .text.strdup   0x0000000008004f90       0x1c NuttX/nuttx/libs/libc/libc.a(lib_strdup.o)
                0x0000000008004f90                strdup
 .text          0x0000000008004fac       0xa0 /opt/gcc-arm-none-eabi-7-2017-q4-major/bin/../lib/gcc/arm-none-eabi/7.2.1/thumb/v7-m/libgcc.a(_aeabi_ldivmod.o)
                0x0000000008004fac                __aeabi_ldivmod
 .text          0x000000000800504c       0x30 /opt/gcc-arm-none-eabi-7-2017-q4-major/bin/../lib/gcc/arm-none-eabi/7.2.1/thumb/v7-m/libgcc.a(_aeabi_uldivmod.o)
                0x000000000800504c                __aeabi_uldivmod
 .text          0x000000000800507c      0x2d0 /opt/gcc-arm-none-eabi-7-2017-q4-major/bin/../lib/gcc/arm-none-eabi/7.2.1/thumb/v7-m/libgcc.a(_udivmoddi4.o)
                0x000000000800507c                __udivmoddi4
 .text          0x000000000800534c        0x4 /opt/gcc-arm-none-eabi-7-2017-q4-major/bin/../lib/gcc/arm-none-eabi/7.2.1/thumb/v7-m/libgcc.a(_dvmd_tls.o)
                0x000000000800534c                __aeabi_ldiv0
                0x000000000800534c                __aeabi_idiv0
 .text.atomic_modify_or
                0x0000000008005350       0x22 src/modules/px4iofirmware/libpx4iofirmware.a(px4io.c.obj)
                0x0000000008005350                atomic_modify_or
 .text.atomic_modify_clear
                0x0000000008005372       0x24 src/modules/px4iofirmware/libpx4iofirmware.a(px4io.c.obj)
                0x0000000008005372                atomic_modify_clear
 *fill*         0x0000000008005396        0x2 
 .text.isr_debug
                0x0000000008005398       0x4c src/modules/px4iofirmware/libpx4iofirmware.a(px4io.c.obj)
                0x0000000008005398                isr_debug
 .text.schedule_reboot
                0x00000000080053e4       0x20 src/modules/px4iofirmware/libpx4iofirmware.a(px4io.c.obj)
                0x00000000080053e4                schedule_reboot
 .text.user_start
                0x0000000008005404      0x3d0 src/modules/px4iofirmware/libpx4iofirmware.a(px4io.c.obj)
                0x0000000008005404                user_start
 .text.pwm_configure_rates
                0x00000000080057d4       0x74 src/modules/px4iofirmware/libpx4iofirmware.a(registers.c.obj)
 .text.registers_set
                0x0000000008005848      0x570 src/modules/px4iofirmware/libpx4iofirmware.a(registers.c.obj)
                0x0000000008005848                registers_set
 .text.registers_get
                0x0000000008005db8      0x1a0 src/modules/px4iofirmware/libpx4iofirmware.a(registers.c.obj)
                0x0000000008005db8                registers_get
 .text.safety_check_button
                0x0000000008005f58       0xc8 src/modules/px4iofirmware/libpx4iofirmware.a(safety.c.obj)
 .text.failsafe_blink
                0x0000000008006020       0x38 src/modules/px4iofirmware/libpx4iofirmware.a(safety.c.obj)
 .text.safety_init
                0x0000000008006058       0x30 src/modules/px4iofirmware/libpx4iofirmware.a(safety.c.obj)
                0x0000000008006058                safety_init
 .text.failsafe_led_init
                0x0000000008006088       0x30 src/modules/px4iofirmware/libpx4iofirmware.a(safety.c.obj)
                0x0000000008006088                failsafe_led_init
 .text.dma_reset
                0x00000000080060b8       0x6c src/modules/px4iofirmware/libpx4iofirmware.a(serial.c.obj)
 .text.rx_dma_callback
                0x0000000008006124      0x114 src/modules/px4iofirmware/libpx4iofirmware.a(serial.c.obj)
 .text.serial_interrupt
                0x0000000008006238       0x7c src/modules/px4iofirmware/libpx4iofirmware.a(serial.c.obj)
 .text.interface_init
                0x00000000080062b4       0x84 src/modules/px4iofirmware/libpx4iofirmware.a(serial.c.obj)
                0x00000000080062b4                interface_init
 .text.adc_init
                0x0000000008006338       0x80 src/modules/px4iofirmware/libpx4iofirmware.a(adc.c.obj)
                0x0000000008006338                adc_init
 .text.adc_measure
                0x00000000080063b8       0x5c src/modules/px4iofirmware/libpx4iofirmware.a(adc.c.obj)
                0x00000000080063b8                adc_measure
 .text.controls_init
                0x0000000008006414       0x74 src/modules/px4iofirmware/libpx4iofirmware.a(controls.c.obj)
                0x0000000008006414                controls_init
 .text.controls_tick
                0x0000000008006488      0x600 src/modules/px4iofirmware/libpx4iofirmware.a(controls.c.obj)
                0x0000000008006488                controls_tick
 .text._ZL14mixer_callbackjhhRf
                0x0000000008006a88      0x1c4 src/modules/px4iofirmware/libpx4iofirmware.a(mixer.cpp.obj)
 .text._ZL20mixer_mix_threadsafePfPVt.constprop.3
                0x0000000008006c4c       0x3c src/modules/px4iofirmware/libpx4iofirmware.a(mixer.cpp.obj)
 .text.mixer_handle_text_create_mixer
                0x0000000008006c88       0x9c src/modules/px4iofirmware/libpx4iofirmware.a(mixer.cpp.obj)
                0x0000000008006c88                mixer_handle_text_create_mixer
 .text.mixer_tick
                0x0000000008006d24      0x584 src/modules/px4iofirmware/libpx4iofirmware.a(mixer.cpp.obj)
                0x0000000008006d24                mixer_tick
 .text.mixer_set_failsafe
                0x00000000080072a8      0x108 src/modules/px4iofirmware/libpx4iofirmware.a(mixer.cpp.obj)
                0x00000000080072a8                mixer_set_failsafe
 .text._ZN4ListIP5MixerE5clearEv
                0x00000000080073b0       0x18 src/modules/px4iofirmware/libpx4iofirmware.a(mixer.cpp.obj)
                0x00000000080073b0                List<Mixer*>::clear()
 .text.mixer_handle_text
                0x00000000080073c8      0x100 src/modules/px4iofirmware/libpx4iofirmware.a(mixer.cpp.obj)
                0x00000000080073c8                mixer_handle_text
 .text._ZN10MixerGroupD2Ev
                0x00000000080074c8        0xc src/modules/px4iofirmware/libpx4iofirmware.a(mixer.cpp.obj)
                0x00000000080074c8                MixerGroup::~MixerGroup()
                0x00000000080074c8                MixerGroup::~MixerGroup()
 .text.startup._GLOBAL__sub_I_mixer_tick
                0x00000000080074d4       0x18 src/modules/px4iofirmware/libpx4iofirmware.a(mixer.cpp.obj)
 .text.up_cxxinitialize
                0x00000000080074ec       0x30 NuttX/apps/libapps.a(gnu_cxxinitialize.o)
                0x00000000080074ec                up_cxxinitialize
 .text.up_pwm_servo_set
                0x000000000800751c        0x4 platforms/nuttx/src/px4/stm/stm32f1/io_pins/libarch_io_pins.a(pwm_servo.c.obj)
                0x000000000800751c                up_pwm_servo_set
 .text.up_pwm_servo_init
                0x0000000008007520       0x74 platforms/nuttx/src/px4/stm/stm32f1/io_pins/libarch_io_pins.a(pwm_servo.c.obj)
                0x0000000008007520                up_pwm_servo_init
 .text.up_pwm_servo_set_rate_group_update
                0x0000000008007594       0x30 platforms/nuttx/src/px4/stm/stm32f1/io_pins/libarch_io_pins.a(pwm_servo.c.obj)
                0x0000000008007594                up_pwm_servo_set_rate_group_update
 .text.up_pwm_update
                0x00000000080075c4        0x4 platforms/nuttx/src/px4/stm/stm32f1/io_pins/libarch_io_pins.a(pwm_servo.c.obj)
                0x00000000080075c4                up_pwm_update
 .text.up_pwm_servo_get_rate_group
                0x00000000080075c8       0x20 platforms/nuttx/src/px4/stm/stm32f1/io_pins/libarch_io_pins.a(pwm_servo.c.obj)
                0x00000000080075c8                up_pwm_servo_get_rate_group
 .text.up_pwm_servo_arm
                0x00000000080075e8       0x1a platforms/nuttx/src/px4/stm/stm32f1/io_pins/libarch_io_pins.a(pwm_servo.c.obj)
                0x00000000080075e8                up_pwm_servo_arm
 .text.io_timer_handler0
                0x0000000008007602        0x4 platforms/nuttx/src/px4/stm/stm32f1/io_pins/libarch_io_pins.a(io_timer.c.obj)
 *fill*         0x0000000008007606        0x2 
 .text.reallocate_channel_resources
                0x0000000008007608       0x30 platforms/nuttx/src/px4/stm/stm32f1/io_pins/libarch_io_pins.a(io_timer.c.obj)
 .text.io_timer_handler6
                0x0000000008007638        0x4 platforms/nuttx/src/px4/stm/stm32f1/io_pins/libarch_io_pins.a(io_timer.c.obj)
 .text.io_timer_handler7
                0x000000000800763c        0x4 platforms/nuttx/src/px4/stm/stm32f1/io_pins/libarch_io_pins.a(io_timer.c.obj)
 .text.io_timer_handler1
                0x0000000008007640        0x4 platforms/nuttx/src/px4/stm/stm32f1/io_pins/libarch_io_pins.a(io_timer.c.obj)
 .text.io_timer_handler2
                0x0000000008007644        0x4 platforms/nuttx/src/px4/stm/stm32f1/io_pins/libarch_io_pins.a(io_timer.c.obj)
 .text.io_timer_handler3
                0x0000000008007648        0x4 platforms/nuttx/src/px4/stm/stm32f1/io_pins/libarch_io_pins.a(io_timer.c.obj)
 .text.io_timer_handler4
                0x000000000800764c        0x4 platforms/nuttx/src/px4/stm/stm32f1/io_pins/libarch_io_pins.a(io_timer.c.obj)
 .text.io_timer_handler5
                0x0000000008007650        0x4 platforms/nuttx/src/px4/stm/stm32f1/io_pins/libarch_io_pins.a(io_timer.c.obj)
 .text.get_timer_channels
                0x0000000008007654       0x54 platforms/nuttx/src/px4/stm/stm32f1/io_pins/libarch_io_pins.a(io_timer.c.obj)
 .text.io_timer_validate_channel_index
                0x00000000080076a8       0x3c platforms/nuttx/src/px4/stm/stm32f1/io_pins/libarch_io_pins.a(io_timer.c.obj)
                0x00000000080076a8                io_timer_validate_channel_index
 .text.io_timer_is_channel_free
                0x00000000080076e4       0x20 platforms/nuttx/src/px4/stm/stm32f1/io_pins/libarch_io_pins.a(io_timer.c.obj)
                0x00000000080076e4                io_timer_is_channel_free
 .text.io_timer_get_mode_channels
                0x0000000008007704       0x14 platforms/nuttx/src/px4/stm/stm32f1/io_pins/libarch_io_pins.a(io_timer.c.obj)
                0x0000000008007704                io_timer_get_mode_channels
 .text.io_timer_get_channel_mode
                0x0000000008007718       0x24 platforms/nuttx/src/px4/stm/stm32f1/io_pins/libarch_io_pins.a(io_timer.c.obj)
                0x0000000008007718                io_timer_get_channel_mode
 .text.io_timer_trigger
                0x000000000800773c       0x80 platforms/nuttx/src/px4/stm/stm32f1/io_pins/libarch_io_pins.a(io_timer.c.obj)
                0x000000000800773c                io_timer_trigger
 .text.io_timer_init_timer
                0x00000000080077bc      0x114 platforms/nuttx/src/px4/stm/stm32f1/io_pins/libarch_io_pins.a(io_timer.c.obj)
                0x00000000080077bc                io_timer_init_timer
 .text.io_timer_set_rate
                0x00000000080078d0       0xb0 platforms/nuttx/src/px4/stm/stm32f1/io_pins/libarch_io_pins.a(io_timer.c.obj)
                0x00000000080078d0                io_timer_set_rate
 .text.io_timer_channel_init
                0x0000000008007980      0x114 platforms/nuttx/src/px4/stm/stm32f1/io_pins/libarch_io_pins.a(io_timer.c.obj)
                0x0000000008007980                io_timer_channel_init
 .text.io_timer_set_enable
                0x0000000008007a94      0x1ac platforms/nuttx/src/px4/stm/stm32f1/io_pins/libarch_io_pins.a(io_timer.c.obj)
                0x0000000008007a94                io_timer_set_enable
 .text.io_timer_free_channel
                0x0000000008007c40       0x54 platforms/nuttx/src/px4/stm/stm32f1/io_pins/libarch_io_pins.a(io_timer.c.obj)
                0x0000000008007c40                io_timer_free_channel
 .text.io_timer_set_ccr
                0x0000000008007c94       0x44 platforms/nuttx/src/px4/stm/stm32f1/io_pins/libarch_io_pins.a(io_timer.c.obj)
                0x0000000008007c94                io_timer_set_ccr
 .text.io_timer_get_group
                0x0000000008007cd8        0x4 platforms/nuttx/src/px4/stm/stm32f1/io_pins/libarch_io_pins.a(io_timer.c.obj)
                0x0000000008007cd8                io_timer_get_group
 .text._ZN10MixerGroup13load_from_bufEPFijhhRfEjPKcRj
                0x0000000008007cdc       0x96 src/lib/mixer/libmixer.a(MixerGroup.cpp.obj)
                0x0000000008007cdc                MixerGroup::load_from_buf(int (*)(unsigned int, unsigned char, unsigned char, float&), unsigned int, char const*, unsigned int&)
 .text._ZN4ListIP5MixerE8IteratorppEv
                0x0000000008007d72        0xa src/lib/mixer/libmixer.a(MixerGroup.cpp.obj)
                0x0000000008007d72                List<Mixer*>::Iterator::operator++()
 .text._ZN10MixerGroup3mixEPfj
                0x0000000008007d7c       0x34 src/lib/mixer/libmixer.a(MixerGroup.cpp.obj)
                0x0000000008007d7c                MixerGroup::mix(float*, unsigned int)
 .text._ZN10MixerGroup9set_trimsEPsj
                0x0000000008007db0       0x78 src/lib/mixer/libmixer.a(MixerGroup.cpp.obj)
                0x0000000008007db0                MixerGroup::set_trims(short*, unsigned int)
 .text._ZN10MixerGroup17set_thrust_factorEf
                0x0000000008007e28       0x24 src/lib/mixer/libmixer.a(MixerGroup.cpp.obj)
                0x0000000008007e28                MixerGroup::set_thrust_factor(float)
 .text._ZN10MixerGroup11set_airmodeEN5Mixer7AirmodeE
                0x0000000008007e4c       0x24 src/lib/mixer/libmixer.a(MixerGroup.cpp.obj)
                0x0000000008007e4c                MixerGroup::set_airmode(Mixer::Airmode)
 .text._ZN10MixerGroup21get_saturation_statusEv
                0x0000000008007e70       0x28 src/lib/mixer/libmixer.a(MixerGroup.cpp.obj)
                0x0000000008007e70                MixerGroup::get_saturation_status()
 .text._ZN10MixerGroup22set_max_delta_out_onceEf
                0x0000000008007e98       0x24 src/lib/mixer/libmixer.a(MixerGroup.cpp.obj)
                0x0000000008007e98                MixerGroup::set_max_delta_out_once(float)
 .text._ZN5Mixer21get_saturation_statusEv
                0x0000000008007ebc        0x4 src/lib/mixer/HelicopterMixer/libHelicopterMixer.a(HelicopterMixer.cpp.obj)
                0x0000000008007ebc                Mixer::get_saturation_status()
 .text._ZN5Mixer22set_max_delta_out_onceEf
                0x0000000008007ec0        0x2 src/lib/mixer/HelicopterMixer/libHelicopterMixer.a(HelicopterMixer.cpp.obj)
                0x0000000008007ec0                Mixer::set_max_delta_out_once(float)
 .text._ZN5Mixer17set_thrust_factorEf
                0x0000000008007ec2        0x2 src/lib/mixer/HelicopterMixer/libHelicopterMixer.a(HelicopterMixer.cpp.obj)
                0x0000000008007ec2                Mixer::set_thrust_factor(float)
 .text._ZN5Mixer11set_airmodeENS_7AirmodeE
                0x0000000008007ec4        0x2 src/lib/mixer/HelicopterMixer/libHelicopterMixer.a(HelicopterMixer.cpp.obj)
                0x0000000008007ec4                Mixer::set_airmode(Mixer::Airmode)
 .text._ZN5Mixer20get_multirotor_countEv
                0x0000000008007ec6        0x4 src/lib/mixer/HelicopterMixer/libHelicopterMixer.a(HelicopterMixer.cpp.obj)
                0x0000000008007ec6                Mixer::get_multirotor_count()
 .text._ZN15HelicopterMixer15groups_requiredERj
                0x0000000008007eca        0xa src/lib/mixer/HelicopterMixer/libHelicopterMixer.a(HelicopterMixer.cpp.obj)
                0x0000000008007eca                HelicopterMixer::groups_required(unsigned int&)
 .text._ZN15HelicopterMixer8set_trimEf
                0x0000000008007ed4        0x4 src/lib/mixer/HelicopterMixer/libHelicopterMixer.a(HelicopterMixer.cpp.obj)
                0x0000000008007ed4                HelicopterMixer::set_trim(float)
 .text._ZN15HelicopterMixer8get_trimEPf
                0x0000000008007ed8        0x4 src/lib/mixer/HelicopterMixer/libHelicopterMixer.a(HelicopterMixer.cpp.obj)
                0x0000000008007ed8                HelicopterMixer::get_trim(float*)
 .text._ZN15HelicopterMixerD2Ev
                0x0000000008007edc        0x2 src/lib/mixer/HelicopterMixer/libHelicopterMixer.a(HelicopterMixer.cpp.obj)
                0x0000000008007edc                HelicopterMixer::~HelicopterMixer()
                0x0000000008007edc                HelicopterMixer::~HelicopterMixer()
 .text._ZN15HelicopterMixerD0Ev
                0x0000000008007ede        0xc src/lib/mixer/HelicopterMixer/libHelicopterMixer.a(HelicopterMixer.cpp.obj)
                0x0000000008007ede                HelicopterMixer::~HelicopterMixer()
 *fill*         0x0000000008007eea        0x2 
 .text._ZN15HelicopterMixer3mixEPfj
                0x0000000008007eec      0x1f4 src/lib/mixer/HelicopterMixer/libHelicopterMixer.a(HelicopterMixer.cpp.obj)
                0x0000000008007eec                HelicopterMixer::mix(float*, unsigned int)
 .text._ZN15HelicopterMixer9from_textEPFijhhRfEjPKcRj
                0x00000000080080e0      0x238 src/lib/mixer/HelicopterMixer/libHelicopterMixer.a(HelicopterMixer.cpp.obj)
                0x00000000080080e0                HelicopterMixer::from_text(int (*)(unsigned int, unsigned char, unsigned char, float&), unsigned int, char const*, unsigned int&)
 .text._ZN15MultirotorMixer21get_saturation_statusEv
                0x0000000008008318        0x4 src/lib/mixer/MultirotorMixer/libMultirotorMixer.a(MultirotorMixer.cpp.obj)
                0x0000000008008318                MultirotorMixer::get_saturation_status()
 .text._ZN15MultirotorMixer15groups_requiredERj
                0x000000000800831c        0xa src/lib/mixer/MultirotorMixer/libMultirotorMixer.a(MultirotorMixer.cpp.obj)
                0x000000000800831c                MultirotorMixer::groups_required(unsigned int&)
 .text._ZN15MultirotorMixer22set_max_delta_out_onceEf
                0x0000000008008326        0x4 src/lib/mixer/MultirotorMixer/libMultirotorMixer.a(MultirotorMixer.cpp.obj)
                0x0000000008008326                MultirotorMixer::set_max_delta_out_once(float)
 .text._ZN15MultirotorMixer8set_trimEf
                0x000000000800832a        0x4 src/lib/mixer/MultirotorMixer/libMultirotorMixer.a(MultirotorMixer.cpp.obj)
                0x000000000800832a                MultirotorMixer::set_trim(float)
 .text._ZN15MultirotorMixer8get_trimEPf
                0x000000000800832e        0x4 src/lib/mixer/MultirotorMixer/libMultirotorMixer.a(MultirotorMixer.cpp.obj)
                0x000000000800832e                MultirotorMixer::get_trim(float*)
 .text._ZN15MultirotorMixer17set_thrust_factorEf
                0x0000000008008332       0x34 src/lib/mixer/MultirotorMixer/libMultirotorMixer.a(MultirotorMixer.cpp.obj)
                0x0000000008008332                MultirotorMixer::set_thrust_factor(float)
 .text._ZN15MultirotorMixer11set_airmodeEN5Mixer7AirmodeE
                0x0000000008008366        0x4 src/lib/mixer/MultirotorMixer/libMultirotorMixer.a(MultirotorMixer.cpp.obj)
                0x0000000008008366                MultirotorMixer::set_airmode(Mixer::Airmode)
 .text._ZN15MultirotorMixer20get_multirotor_countEv
                0x000000000800836a        0x4 src/lib/mixer/MultirotorMixer/libMultirotorMixer.a(MultirotorMixer.cpp.obj)
                0x000000000800836a                MultirotorMixer::get_multirotor_count()
 *fill*         0x000000000800836e        0x2 
 .text._ZN15MultirotorMixerD2Ev
                0x0000000008008370       0x20 src/lib/mixer/MultirotorMixer/libMultirotorMixer.a(MultirotorMixer.cpp.obj)
                0x0000000008008370                MultirotorMixer::~MultirotorMixer()
                0x0000000008008370                MultirotorMixer::~MultirotorMixer()
 .text._ZN15MultirotorMixerD0Ev
                0x0000000008008390       0x12 src/lib/mixer/MultirotorMixer/libMultirotorMixer.a(MultirotorMixer.cpp.obj)
                0x0000000008008390                MultirotorMixer::~MultirotorMixer()
 *fill*         0x00000000080083a2        0x2 
 .text._ZN15MultirotorMixerC2EPFijhhRfEjPKNS_5RotorEj
                0x00000000080083a4       0x70 src/lib/mixer/MultirotorMixer/libMultirotorMixer.a(MultirotorMixer.cpp.obj)
                0x00000000080083a4                MultirotorMixer::MultirotorMixer(int (*)(unsigned int, unsigned char, unsigned char, float&), unsigned int, MultirotorMixer::Rotor const*, unsigned int)
                0x00000000080083a4                MultirotorMixer::MultirotorMixer(int (*)(unsigned int, unsigned char, unsigned char, float&), unsigned int, MultirotorMixer::Rotor const*, unsigned int)
 .text._ZN15MultirotorMixerC2EPFijhhRfEj18MultirotorGeometryffff
                0x0000000008008414       0x44 src/lib/mixer/MultirotorMixer/libMultirotorMixer.a(MultirotorMixer.cpp.obj)
                0x0000000008008414                MultirotorMixer::MultirotorMixer(int (*)(unsigned int, unsigned char, unsigned char, float&), unsigned int, MultirotorGeometry, float, float, float, float)
                0x0000000008008414                MultirotorMixer::MultirotorMixer(int (*)(unsigned int, unsigned char, unsigned char, float&), unsigned int, MultirotorGeometry, float, float, float, float)
 .text._ZN15MultirotorMixer9from_textEPFijhhRfEjPKcRj
                0x0000000008008458       0xd0 src/lib/mixer/MultirotorMixer/libMultirotorMixer.a(MultirotorMixer.cpp.obj)
                0x0000000008008458                MultirotorMixer::from_text(int (*)(unsigned int, unsigned char, unsigned char, float&), unsigned int, char const*, unsigned int&)
 .text._ZNK15MultirotorMixer25compute_desaturation_gainEPKfS1_RNS_17saturation_statusEff
                0x0000000008008528       0xc2 src/lib/mixer/MultirotorMixer/libMultirotorMixer.a(MultirotorMixer.cpp.obj)
                0x0000000008008528                MultirotorMixer::compute_desaturation_gain(float const*, float const*, MultirotorMixer::saturation_status&, float, float) const
 .text._ZNK15MultirotorMixer19minimize_saturationEPKfPfRNS_17saturation_statusEffb
                0x00000000080085ea       0x9c src/lib/mixer/MultirotorMixer/libMultirotorMixer.a(MultirotorMixer.cpp.obj)
                0x00000000080085ea                MultirotorMixer::minimize_saturation(float const*, float*, MultirotorMixer::saturation_status&, float, float, bool) const
 *fill*         0x0000000008008686        0x2 
 .text._ZN15MultirotorMixer7mix_yawEfPf
                0x0000000008008688       0x94 src/lib/mixer/MultirotorMixer/libMultirotorMixer.a(MultirotorMixer.cpp.obj)
                0x0000000008008688                MultirotorMixer::mix_yaw(float, float*)
 .text._ZN15MultirotorMixer24update_saturation_statusEjbbb
                0x000000000800871c      0x180 src/lib/mixer/MultirotorMixer/libMultirotorMixer.a(MultirotorMixer.cpp.obj)
                0x000000000800871c                MultirotorMixer::update_saturation_status(unsigned int, bool, bool, bool)
 .text._ZN15MultirotorMixer3mixEPfj
                0x000000000800889c      0x4e8 src/lib/mixer/MultirotorMixer/libMultirotorMixer.a(MultirotorMixer.cpp.obj)
                0x000000000800889c                MultirotorMixer::mix(float*, unsigned int)
 .text._ZN5Mixer15groups_requiredERj
                0x0000000008008d84        0x2 src/lib/mixer/NullMixer/libNullMixer.a(NullMixer.cpp.obj)
                0x0000000008008d84                Mixer::groups_required(unsigned int&)
 .text._ZN9NullMixer8set_trimEf
                0x0000000008008d86        0x4 src/lib/mixer/NullMixer/libNullMixer.a(NullMixer.cpp.obj)
                0x0000000008008d86                NullMixer::set_trim(float)
 .text._ZN9NullMixer8get_trimEPf
                0x0000000008008d8a        0x4 src/lib/mixer/NullMixer/libNullMixer.a(NullMixer.cpp.obj)
                0x0000000008008d8a                NullMixer::get_trim(float*)
 *fill*         0x0000000008008d8e        0x2 
 .text._ZN9NullMixer3mixEPfj
                0x0000000008008d90       0x10 src/lib/mixer/NullMixer/libNullMixer.a(NullMixer.cpp.obj)
                0x0000000008008d90                NullMixer::mix(float*, unsigned int)
 .text._ZN9NullMixerD2Ev
                0x0000000008008da0        0x2 src/lib/mixer/NullMixer/libNullMixer.a(NullMixer.cpp.obj)
                0x0000000008008da0                NullMixer::~NullMixer()
                0x0000000008008da0                NullMixer::~NullMixer()
 .text._ZN9NullMixerD0Ev
                0x0000000008008da2        0xc src/lib/mixer/NullMixer/libNullMixer.a(NullMixer.cpp.obj)
                0x0000000008008da2                NullMixer::~NullMixer()
 *fill*         0x0000000008008dae        0x2 
 .text._ZN9NullMixer9from_textEPKcRj
                0x0000000008008db0       0x44 src/lib/mixer/NullMixer/libNullMixer.a(NullMixer.cpp.obj)
                0x0000000008008db0                NullMixer::from_text(char const*, unsigned int&)
 .text._ZN11SimpleMixer8set_trimEf
                0x0000000008008df4        0x8 src/lib/mixer/SimpleMixer/libSimpleMixer.a(SimpleMixer.cpp.obj)
                0x0000000008008df4                SimpleMixer::set_trim(float)
 .text._ZN11SimpleMixer8get_trimEPf
                0x0000000008008dfc        0xa src/lib/mixer/SimpleMixer/libSimpleMixer.a(SimpleMixer.cpp.obj)
                0x0000000008008dfc                SimpleMixer::get_trim(float*)
 .text._ZN11SimpleMixer15groups_requiredERj
                0x0000000008008e06       0x26 src/lib/mixer/SimpleMixer/libSimpleMixer.a(SimpleMixer.cpp.obj)
                0x0000000008008e06                SimpleMixer::groups_required(unsigned int&)
 .text._ZN11SimpleMixerD2Ev
                0x0000000008008e2c       0x18 src/lib/mixer/SimpleMixer/libSimpleMixer.a(SimpleMixer.cpp.obj)
                0x0000000008008e2c                SimpleMixer::~SimpleMixer()
                0x0000000008008e2c                SimpleMixer::~SimpleMixer()
 .text._ZN11SimpleMixerD0Ev
                0x0000000008008e44       0x12 src/lib/mixer/SimpleMixer/libSimpleMixer.a(SimpleMixer.cpp.obj)
                0x0000000008008e44                SimpleMixer::~SimpleMixer()
 *fill*         0x0000000008008e56        0x2 
 .text._ZN11SimpleMixer19parse_output_scalerEPKcRjR14mixer_scaler_s
                0x0000000008008e58       0xa4 src/lib/mixer/SimpleMixer/libSimpleMixer.a(SimpleMixer.cpp.obj)
                0x0000000008008e58                SimpleMixer::parse_output_scaler(char const*, unsigned int&, mixer_scaler_s&)
 .text._ZN11SimpleMixer20parse_control_scalerEPKcRjR14mixer_scaler_sRhS5_
                0x0000000008008efc       0xac src/lib/mixer/SimpleMixer/libSimpleMixer.a(SimpleMixer.cpp.obj)
                0x0000000008008efc                SimpleMixer::parse_control_scaler(char const*, unsigned int&, mixer_scaler_s&, unsigned char&, unsigned char&)
 .text._ZN11SimpleMixer9from_textEPFijhhRfEjPKcRj
                0x0000000008008fa8       0xe8 src/lib/mixer/SimpleMixer/libSimpleMixer.a(SimpleMixer.cpp.obj)
                0x0000000008008fa8                SimpleMixer::from_text(int (*)(unsigned int, unsigned char, unsigned char, float&), unsigned int, char const*, unsigned int&)
 .text._ZN11SimpleMixer5scaleERK14mixer_scaler_sf
                0x0000000008009090       0x52 src/lib/mixer/SimpleMixer/libSimpleMixer.a(SimpleMixer.cpp.obj)
                0x0000000008009090                SimpleMixer::scale(mixer_scaler_s const&, float)
 .text._ZN11SimpleMixer3mixEPfj
                0x00000000080090e2       0x6c src/lib/mixer/SimpleMixer/libSimpleMixer.a(SimpleMixer.cpp.obj)
                0x00000000080090e2                SimpleMixer::mix(float*, unsigned int)
 .text._ZN5Mixer11get_controlEhh
                0x000000000800914e       0x10 src/lib/mixer/MixerBase/libMixerBase.a(Mixer.cpp.obj)
                0x000000000800914e                Mixer::get_control(unsigned char, unsigned char)
 .text._ZN5Mixer7findtagEPKcRjc
                0x000000000800915e       0x24 src/lib/mixer/MixerBase/libMixerBase.a(Mixer.cpp.obj)
                0x000000000800915e                Mixer::findtag(char const*, unsigned int&, char)
 .text._ZN5Mixer11findnexttagEPKcj
                0x0000000008009182       0x22 src/lib/mixer/MixerBase/libMixerBase.a(Mixer.cpp.obj)
                0x0000000008009182                Mixer::findnexttag(char const*, unsigned int)
 .text._ZN5Mixer8skiplineEPKcRj
                0x00000000080091a4       0x2a src/lib/mixer/MixerBase/libMixerBase.a(Mixer.cpp.obj)
                0x00000000080091a4                Mixer::skipline(char const*, unsigned int&)
 .text._ZN5Mixer18string_well_formedEPKcRj
                0x00000000080091ce       0x1e src/lib/mixer/MixerBase/libMixerBase.a(Mixer.cpp.obj)
                0x00000000080091ce                Mixer::string_well_formed(char const*, unsigned int&)
 .text.st24_common_crc8
                0x00000000080091ec       0x38 src/lib/rc/librc.a(st24.cpp.obj)
                0x00000000080091ec                st24_common_crc8
 .text.st24_decode
                0x0000000008009224      0x218 src/lib/rc/librc.a(st24.cpp.obj)
                0x0000000008009224                st24_decode
 .text.sumd_crc16
                0x000000000800943c       0x1e src/lib/rc/librc.a(sumd.cpp.obj)
                0x000000000800943c                sumd_crc16
 *fill*         0x000000000800945a        0x2 
 .text.sumd_decode
                0x000000000800945c      0x3a4 src/lib/rc/librc.a(sumd.cpp.obj)
                0x000000000800945c                sumd_decode
 .text.sbus_config
                0x0000000008009800       0x70 src/lib/rc/librc.a(sbus.cpp.obj)
                0x0000000008009800                sbus_config
 .text.sbus_init
                0x0000000008009870       0x1e src/lib/rc/librc.a(sbus.cpp.obj)
                0x0000000008009870                sbus_init
 *fill*         0x000000000800988e        0x2 
 .text.sbus1_output
                0x0000000008009890      0x100 src/lib/rc/librc.a(sbus.cpp.obj)
                0x0000000008009890                sbus1_output
 .text.sbus2_output
                0x0000000008009990        0x4 src/lib/rc/librc.a(sbus.cpp.obj)
                0x0000000008009990                sbus2_output
 .text.sbus_parse
                0x0000000008009994      0x260 src/lib/rc/librc.a(sbus.cpp.obj)
                0x0000000008009994                sbus_parse
 .text.sbus_input
                0x0000000008009bf4       0x98 src/lib/rc/librc.a(sbus.cpp.obj)
                0x0000000008009bf4                sbus_input
 .text.sbus1_set_output_rate_hz
                0x0000000008009c8c       0x24 src/lib/rc/librc.a(sbus.cpp.obj)
                0x0000000008009c8c                sbus1_set_output_rate_hz
 .text._ZL18dsm_decode_channeltjRhRt
                0x0000000008009cb0       0x8c src/lib/rc/librc.a(dsm.cpp.obj)
 .text._ZL16dsm_guess_formatb.constprop.4
                0x0000000008009d3c       0x24 src/lib/rc/librc.a(dsm.cpp.obj)
 .text.dsm_config
                0x0000000008009d60       0x64 src/lib/rc/librc.a(dsm.cpp.obj)
                0x0000000008009d60                dsm_config
 .text.dsm_proto_init
                0x0000000008009dc4       0x38 src/lib/rc/librc.a(dsm.cpp.obj)
                0x0000000008009dc4                dsm_proto_init
 .text.dsm_init
                0x0000000008009dfc       0x2c src/lib/rc/librc.a(dsm.cpp.obj)
                0x0000000008009dfc                dsm_init
 .text.dsm_bind
                0x0000000008009e28       0x7c src/lib/rc/librc.a(dsm.cpp.obj)
                0x0000000008009e28                dsm_bind
 .text._ZNK3px46BitsetILj18EEixEj
                0x0000000008009ea4       0x18 src/lib/rc/librc.a(dsm.cpp.obj)
                0x0000000008009ea4                px4::Bitset<18u>::operator[](unsigned int) const
 .text._Z10dsm_decodeyPtS_PbjPa
                0x0000000008009ebc      0x304 src/lib/rc/librc.a(dsm.cpp.obj)
                0x0000000008009ebc                dsm_decode(unsigned long long, unsigned short*, unsigned short*, bool*, unsigned int, signed char*)
 .text.dsm_parse
                0x000000000800a1c0      0x118 src/lib/rc/librc.a(dsm.cpp.obj)
                0x000000000800a1c0                dsm_parse
 .text.dsm_input
                0x000000000800a2d8       0x60 src/lib/rc/librc.a(dsm.cpp.obj)
                0x000000000800a2d8                dsm_input
 .text.output_limit_init
                0x000000000800a338       0x12 src/lib/output_limit/liboutput_limit.a(output_limit.cpp.obj)
                0x000000000800a338                output_limit_init
 *fill*         0x000000000800a34a        0x2 
 .text.output_limit_calc
                0x000000000800a34c      0x250 src/lib/output_limit/liboutput_limit.a(output_limit.cpp.obj)
                0x000000000800a34c                output_limit_calc
 .text.up_systemreset
                0x000000000800a59c       0x1c NuttX/nuttx/arch/arm/src/libarch.a(up_systemreset.o)
                0x000000000800a59c                up_systemreset
 .text.up_udelay
                0x000000000800a5b8       0x72 NuttX/nuttx/arch/arm/src/libarch.a(up_udelay.o)
                0x000000000800a5b8                up_udelay
 .text.stm32_boardinitialize
                0x000000000800a62a      0x154 boards/px4/io-v2/src/libdrivers_board.a(init.c.obj)
                0x000000000800a62a                stm32_boardinitialize
 *fill*         0x000000000800a77e        0x2 
 .text.hrt_absolute_time
                0x000000000800a780       0x50 platforms/nuttx/src/px4/stm/stm32f1/hrt/libarch_hrt.a(hrt.c.obj)
                0x000000000800a780                hrt_absolute_time
 .text.hrt_call_reschedule
                0x000000000800a7d0       0x60 platforms/nuttx/src/px4/stm/stm32f1/hrt/libarch_hrt.a(hrt.c.obj)
 .text.hrt_call_enter
                0x000000000800a830       0x4c platforms/nuttx/src/px4/stm/stm32f1/hrt/libarch_hrt.a(hrt.c.obj)
 .text.hrt_call_internal
                0x000000000800a87c       0x4c platforms/nuttx/src/px4/stm/stm32f1/hrt/libarch_hrt.a(hrt.c.obj)
 .text.hrt_tim_isr
                0x000000000800a8c8      0x1f0 platforms/nuttx/src/px4/stm/stm32f1/hrt/libarch_hrt.a(hrt.c.obj)
 .text.hrt_elapsed_time_atomic
                0x000000000800aab8       0x28 platforms/nuttx/src/px4/stm/stm32f1/hrt/libarch_hrt.a(hrt.c.obj)
                0x000000000800aab8                hrt_elapsed_time_atomic
 .text.hrt_init
                0x000000000800aae0       0x84 platforms/nuttx/src/px4/stm/stm32f1/hrt/libarch_hrt.a(hrt.c.obj)
                0x000000000800aae0                hrt_init
 .text.hrt_call_every
                0x000000000800ab64       0x2e platforms/nuttx/src/px4/stm/stm32f1/hrt/libarch_hrt.a(hrt.c.obj)
                0x000000000800ab64                hrt_call_every
 .text.__aeabi_atexit
                0x000000000800ab92        0xa NuttX/nuttx/libs/libxx/libxx.a(libxx_eabi_atexit.o)
                0x000000000800ab92                __aeabi_atexit
 .text.__cxa_atexit
                0x000000000800ab9c        0x4 NuttX/nuttx/libs/libxx/libxx.a(libxx_cxa_atexit.o)
                0x000000000800ab9c                __cxa_atexit
 .text._ZdlPv   0x000000000800aba0        0x4 NuttX/nuttx/libs/libxx/libxx.a(libxx_delete.o)
                0x000000000800aba0                operator delete(void*)
 .text._ZdaPv   0x000000000800aba4        0x4 NuttX/nuttx/libs/libxx/libxx.a(libxx_deletea.o)
                0x000000000800aba4                operator delete[](void*)
 .text._Znwj    0x000000000800aba8        0xa NuttX/nuttx/libs/libxx/libxx.a(libxx_new.o)
                0x000000000800aba8                operator new(unsigned int)
 .text._Znaj    0x000000000800abb2        0xa NuttX/nuttx/libs/libxx/libxx.a(libxx_newa.o)
                0x000000000800abb2                operator new[](unsigned int)
 .text.crc32part
                0x000000000800abbc       0x24 NuttX/nuttx/libs/libc/libc.a(lib_crc32.o)
                0x000000000800abbc                crc32part
 .text.printf   0x000000000800abe0       0x20 NuttX/nuttx/libs/libc/libc.a(lib_printf.o)
                0x000000000800abe0                printf
 .text.vsnprintf
                0x000000000800ac00       0x2a NuttX/nuttx/libs/libc/libc.a(lib_vsnprintf.o)
                0x000000000800ac00                vsnprintf
 .text.memoutstream_putc
                0x000000000800ac2a       0x1a NuttX/nuttx/libs/libc/libc.a(lib_memoutstream.o)
 .text.lib_memoutstream
                0x000000000800ac44       0x20 NuttX/nuttx/libs/libc/libc.a(lib_memoutstream.o)
                0x000000000800ac44                lib_memoutstream
 .text.nulloutstream_putc
                0x000000000800ac64        0x8 NuttX/nuttx/libs/libc/libc.a(lib_nulloutstream.o)
 .text.lib_nulloutstream
                0x000000000800ac6c       0x18 NuttX/nuttx/libs/libc/libc.a(lib_nulloutstream.o)
                0x000000000800ac6c                lib_nulloutstream
 .text.sscanf   0x000000000800ac84       0x1a NuttX/nuttx/libs/libc/libc.a(lib_sscanf.o)
                0x000000000800ac84                sscanf
 .text.vsscanf  0x000000000800ac9e       0x24 NuttX/nuttx/libs/libc/libc.a(lib_vsscanf.o)
                0x000000000800ac9e                vsscanf
 .text.isspace  0x000000000800acc2       0x14 NuttX/nuttx/libs/libc/libc.a(lib_libvscanf.o)
 *fill*         0x000000000800acd6        0x2 
 .text.lib_vscanf
                0x000000000800acd8      0x5c4 NuttX/nuttx/libs/libc/libc.a(lib_libvscanf.o)
                0x000000000800acd8                lib_vscanf
 .text.lib_noflush
                0x000000000800b29c        0x4 NuttX/nuttx/libs/libc/libc.a(lib_libnoflush.o)
                0x000000000800b29c                lib_noflush
 .text.lib_vsprintf
                0x000000000800b2a0      0x3dc NuttX/nuttx/libs/libc/libc.a(lib_libvsprintf.o)
                0x000000000800b2a0                lib_vsprintf
 .text.__ultoa_invert
                0x000000000800b67c       0x34 NuttX/nuttx/libs/libc/libc.a(lib_ultoa_invert.o)
                0x000000000800b67c                __ultoa_invert
 .text.strtol   0x000000000800b6b0       0x74 NuttX/nuttx/libs/libc/libc.a(lib_strtol.o)
                0x000000000800b6b0                strtol
 .text.strtoul  0x000000000800b724       0xa2 NuttX/nuttx/libs/libc/libc.a(lib_strtoul.o)
                0x000000000800b724                strtoul
 .text.lib_checkbase
                0x000000000800b7c6       0x5c NuttX/nuttx/libs/libc/libc.a(lib_checkbase.o)
                0x000000000800b7c6                lib_checkbase
 .text.lib_isbasedigit
                0x000000000800b822       0x4e NuttX/nuttx/libs/libc/libc.a(lib_isbasedigit.o)
                0x000000000800b822                lib_isbasedigit
 .text.memchr   0x000000000800b870       0x1c NuttX/nuttx/libs/libc/libc.a(lib_memchr.o)
                0x000000000800b870                memchr
 .text.memmove  0x000000000800b88c       0x2e NuttX/nuttx/libs/libc/libc.a(lib_memmove.o)
                0x000000000800b88c                memmove
 .text.lib_skipspace
                0x000000000800b8ba       0x16 NuttX/nuttx/libs/libc/libc.a(lib_skipspace.o)
                0x000000000800b8ba                lib_skipspace
 .text.strchr   0x000000000800b8d0       0x16 NuttX/nuttx/libs/libc/libc.a(lib_strchr.o)
                0x000000000800b8d0                strchr
 .text.strcmp   0x000000000800b8e6       0x16 NuttX/nuttx/libs/libc/libc.a(lib_strcmp.o)
                0x000000000800b8e6                strcmp
 .text.strnlen  0x000000000800b8fc       0x18 NuttX/nuttx/libs/libc/libc.a(lib_strnlen.o)
                0x000000000800b8fc                strnlen
 .text.strncpy  0x000000000800b914       0x24 NuttX/nuttx/libs/libc/libc.a(lib_strncpy.o)
                0x000000000800b914                strncpy
 .text.vsyslog  0x000000000800b938       0x20 NuttX/nuttx/libs/libc/libc.a(lib_syslog.o)
                0x000000000800b938                vsyslog
 .text.syslog   0x000000000800b958       0x1a NuttX/nuttx/libs/libc/libc.a(lib_syslog.o)
                0x000000000800b958                syslog
 .text.tcgetattr
                0x000000000800b972        0xa NuttX/nuttx/libs/libc/libc.a(lib_tcgetattr.o)
                0x000000000800b972                tcgetattr
 .text.tcsetattr
                0x000000000800b97c       0x10 NuttX/nuttx/libs/libc/libc.a(lib_tcsetattr.o)
                0x000000000800b97c                tcsetattr
 .text.meminstream_getc
                0x000000000800b98c       0x1a NuttX/nuttx/libs/libc/libc.a(lib_meminstream.o)
 *fill*         0x000000000800b9a6        0x2 
 .text.lib_meminstream
                0x000000000800b9a8       0x14 NuttX/nuttx/libs/libc/libc.a(lib_meminstream.o)
                0x000000000800b9a8                lib_meminstream
 .text.nx_vsyslog
                0x000000000800b9bc       0x26 NuttX/nuttx/drivers/libdrivers.a(vsyslog.o)
                0x000000000800b9bc                nx_vsyslog
 .text.syslogstream_putc
                0x000000000800b9e2       0x22 NuttX/nuttx/drivers/libdrivers.a(syslog_stream.o)
 .text.syslogstream_create
                0x000000000800ba04       0x18 NuttX/nuttx/drivers/libdrivers.a(syslog_stream.o)
                0x000000000800ba04                syslogstream_create
 .text.emergstream_putc
                0x000000000800ba1c       0x1e NuttX/nuttx/drivers/libdrivers.a(syslog_emergstream.o)
 *fill*         0x000000000800ba3a        0x2 
 .text.emergstream
                0x000000000800ba3c       0x18 NuttX/nuttx/drivers/libdrivers.a(syslog_emergstream.o)
                0x000000000800ba3c                emergstream
 .text.syslog_putc
                0x000000000800ba54       0x2c NuttX/nuttx/drivers/libdrivers.a(syslog_putc.o)
                0x000000000800ba54                syslog_putc
 .text.syslog_force
                0x000000000800ba80        0xc NuttX/nuttx/drivers/libdrivers.a(syslog_force.o)
                0x000000000800ba80                syslog_force
 .text.file_ioctl
                0x000000000800ba8c       0x1a NuttX/nuttx/fs/libfs.a(fs_ioctl.o)
                0x000000000800ba8c                file_ioctl
 .text.ioctl    0x000000000800baa6       0x38 NuttX/nuttx/fs/libfs.a(fs_ioctl.o)
                0x000000000800baa6                ioctl
 .text.file_read
                0x000000000800bade       0x26 NuttX/nuttx/fs/libfs.a(fs_read.o)
                0x000000000800bade                file_read
 .text.nx_read  0x000000000800bb04       0x28 NuttX/nuttx/fs/libfs.a(fs_read.o)
                0x000000000800bb04                nx_read
 .text.read     0x000000000800bb2c       0x1a NuttX/nuttx/fs/libfs.a(fs_read.o)
                0x000000000800bb2c                read
 *fill*         0x000000000800bb46        0x2 
 .text.mallinfo
                0x000000000800bb48       0x24 NuttX/nuttx/mm/libmm.a(umm_mallinfo.o)
                0x000000000800bb48                mallinfo
 .text.mm_mallinfo
                0x000000000800bb6c       0x56 NuttX/nuttx/mm/libmm.a(mm_mallinfo.o)
                0x000000000800bb6c                mm_mallinfo
 *fill*         0x000000000800bbc2        0x2 
 .text.cosf     0x000000000800bbc4       0x78 /opt/gcc-arm-none-eabi-7-2017-q4-major/bin/../lib/gcc/arm-none-eabi/7.2.1/../../../../arm-none-eabi/lib/thumb/v7-m/libm.a(lib_a-sf_cos.o)
                0x000000000800bbc4                cosf
 .text.floorf   0x000000000800bc3c       0x88 /opt/gcc-arm-none-eabi-7-2017-q4-major/bin/../lib/gcc/arm-none-eabi/7.2.1/../../../../arm-none-eabi/lib/thumb/v7-m/libm.a(lib_a-sf_floor.o)
                0x000000000800bc3c                floorf
 .text.roundf   0x000000000800bcc4       0x48 /opt/gcc-arm-none-eabi-7-2017-q4-major/bin/../lib/gcc/arm-none-eabi/7.2.1/../../../../arm-none-eabi/lib/thumb/v7-m/libm.a(lib_a-sf_round.o)
                0x000000000800bcc4                roundf
 .text.sinf     0x000000000800bd0c       0x7c /opt/gcc-arm-none-eabi-7-2017-q4-major/bin/../lib/gcc/arm-none-eabi/7.2.1/../../../../arm-none-eabi/lib/thumb/v7-m/libm.a(lib_a-sf_sin.o)
                0x000000000800bd0c                sinf
 .text.sqrtf    0x000000000800bd88       0xa0 /opt/gcc-arm-none-eabi-7-2017-q4-major/bin/../lib/gcc/arm-none-eabi/7.2.1/../../../../arm-none-eabi/lib/thumb/v7-m/libm.a(lib_a-wf_sqrt.o)
                0x000000000800bd88                sqrtf
 .text.__ieee754_rem_pio2f
                0x000000000800be28      0x2e4 /opt/gcc-arm-none-eabi-7-2017-q4-major/bin/../lib/gcc/arm-none-eabi/7.2.1/../../../../arm-none-eabi/lib/thumb/v7-m/libm.a(lib_a-ef_rem_pio2.o)
                0x000000000800be28                __ieee754_rem_pio2f
 .text.__ieee754_sqrtf
                0x000000000800c10c       0xa8 /opt/gcc-arm-none-eabi-7-2017-q4-major/bin/../lib/gcc/arm-none-eabi/7.2.1/../../../../arm-none-eabi/lib/thumb/v7-m/libm.a(lib_a-ef_sqrt.o)
                0x000000000800c10c                __ieee754_sqrtf
 .text.__kernel_cosf
                0x000000000800c1b4      0x188 /opt/gcc-arm-none-eabi-7-2017-q4-major/bin/../lib/gcc/arm-none-eabi/7.2.1/../../../../arm-none-eabi/lib/thumb/v7-m/libm.a(lib_a-kf_cos.o)
                0x000000000800c1b4                __kernel_cosf
 .text.__kernel_rem_pio2f
                0x000000000800c33c      0x6c4 /opt/gcc-arm-none-eabi-7-2017-q4-major/bin/../lib/gcc/arm-none-eabi/7.2.1/../../../../arm-none-eabi/lib/thumb/v7-m/libm.a(lib_a-kf_rem_pio2.o)
                0x000000000800c33c                __kernel_rem_pio2f
 .text.__kernel_sinf
                0x000000000800ca00       0xec /opt/gcc-arm-none-eabi-7-2017-q4-major/bin/../lib/gcc/arm-none-eabi/7.2.1/../../../../arm-none-eabi/lib/thumb/v7-m/libm.a(lib_a-kf_sin.o)
                0x000000000800ca00                __kernel_sinf
 .text.matherr  0x000000000800caec        0x4 /opt/gcc-arm-none-eabi-7-2017-q4-major/bin/../lib/gcc/arm-none-eabi/7.2.1/../../../../arm-none-eabi/lib/thumb/v7-m/libm.a(lib_a-s_matherr.o)
                0x000000000800caec                matherr
 .text.fabsf    0x000000000800caf0        0x8 /opt/gcc-arm-none-eabi-7-2017-q4-major/bin/../lib/gcc/arm-none-eabi/7.2.1/../../../../arm-none-eabi/lib/thumb/v7-m/libm.a(lib_a-sf_fabs.o)
                0x000000000800caf0                fabsf
 .text.scalbnf  0x000000000800caf8       0xb0 /opt/gcc-arm-none-eabi-7-2017-q4-major/bin/../lib/gcc/arm-none-eabi/7.2.1/../../../../arm-none-eabi/lib/thumb/v7-m/libm.a(lib_a-sf_scalbn.o)
                0x000000000800caf8                scalbnf
 .text.copysignf
                0x000000000800cba8        0xc /opt/gcc-arm-none-eabi-7-2017-q4-major/bin/../lib/gcc/arm-none-eabi/7.2.1/../../../../arm-none-eabi/lib/thumb/v7-m/libm.a(lib_a-sf_copysign.o)
                0x000000000800cba8                copysignf
 .text          0x000000000800cbb4      0x378 /opt/gcc-arm-none-eabi-7-2017-q4-major/bin/../lib/gcc/arm-none-eabi/7.2.1/thumb/v7-m/libgcc.a(_arm_addsubdf3.o)
                0x000000000800cbb4                __aeabi_drsub
                0x000000000800cbbc                __aeabi_dsub
                0x000000000800cbbc                __subdf3
                0x000000000800cbc0                __adddf3
                0x000000000800cbc0                __aeabi_dadd
                0x000000000800ce38                __aeabi_ui2d
                0x000000000800ce38                __floatunsidf
                0x000000000800ce58                __floatsidf
                0x000000000800ce58                __aeabi_i2d
                0x000000000800ce7c                __extendsfdf2
                0x000000000800ce7c                __aeabi_f2d
                0x000000000800cec0                __aeabi_ul2d
                0x000000000800cec0                __floatundidf
                0x000000000800ced0                __floatdidf
                0x000000000800ced0                __aeabi_l2d
 .text          0x000000000800cf2c      0x424 /opt/gcc-arm-none-eabi-7-2017-q4-major/bin/../lib/gcc/arm-none-eabi/7.2.1/thumb/v7-m/libgcc.a(_arm_muldivdf3.o)
                0x000000000800cf2c                __aeabi_dmul
                0x000000000800cf2c                __muldf3
                0x000000000800d180                __aeabi_ddiv
                0x000000000800d180                __divdf3
 .text          0x000000000800d350       0xa0 /opt/gcc-arm-none-eabi-7-2017-q4-major/bin/../lib/gcc/arm-none-eabi/7.2.1/thumb/v7-m/libgcc.a(_arm_truncdfsf2.o)
                0x000000000800d350                __aeabi_d2f
                0x000000000800d350                __truncdfsf2
 .text          0x000000000800d3f0      0x21c /opt/gcc-arm-none-eabi-7-2017-q4-major/bin/../lib/gcc/arm-none-eabi/7.2.1/thumb/v7-m/libgcc.a(_arm_addsubsf3.o)
                0x000000000800d3f0                __aeabi_frsub
                0x000000000800d3f8                __subsf3
                0x000000000800d3f8                __aeabi_fsub
                0x000000000800d3fc                __aeabi_fadd
                0x000000000800d3fc                __addsf3
                0x000000000800d55c                __aeabi_ui2f
                0x000000000800d55c                __floatunsisf
                0x000000000800d564                __aeabi_i2f
                0x000000000800d564                __floatsisf
                0x000000000800d580                __floatundisf
                0x000000000800d580                __aeabi_ul2f
                0x000000000800d590                __floatdisf
                0x000000000800d590                __aeabi_l2f
 .text          0x000000000800d60c      0x2a0 /opt/gcc-arm-none-eabi-7-2017-q4-major/bin/../lib/gcc/arm-none-eabi/7.2.1/thumb/v7-m/libgcc.a(_arm_muldivsf3.o)
                0x000000000800d60c                __mulsf3
                0x000000000800d60c                __aeabi_fmul
                0x000000000800d774                __divsf3
                0x000000000800d774                __aeabi_fdiv